Archive member included to satisfy reference by file (symbol)

c:/st/stm32cubeide_1.7.0/stm32cubeide/plugins/com.st.stm32cube.ide.mcu.externaltools.gnu-tools-for-stm32.10.3-2021.10.win32_1.0.0.202111181127/tools/bin/../lib/gcc/arm-none-eabi/10.3.1/../../../../arm-none-eabi/lib/thumb/v7-m/nofp\libc_nano.a(lib_a-errno.o)
                              ./Core/Src/syscalls.o (__errno)
c:/st/stm32cubeide_1.7.0/stm32cubeide/plugins/com.st.stm32cube.ide.mcu.externaltools.gnu-tools-for-stm32.10.3-2021.10.win32_1.0.0.202111181127/tools/bin/../lib/gcc/arm-none-eabi/10.3.1/../../../../arm-none-eabi/lib/thumb/v7-m/nofp\libc_nano.a(lib_a-exit.o)
                              c:/st/stm32cubeide_1.7.0/stm32cubeide/plugins/com.st.stm32cube.ide.mcu.externaltools.gnu-tools-for-stm32.10.3-2021.10.win32_1.0.0.202111181127/tools/bin/../lib/gcc/arm-none-eabi/10.3.1/../../../../arm-none-eabi/lib/thumb/v7-m/nofp/crt0.o (exit)
c:/st/stm32cubeide_1.7.0/stm32cubeide/plugins/com.st.stm32cube.ide.mcu.externaltools.gnu-tools-for-stm32.10.3-2021.10.win32_1.0.0.202111181127/tools/bin/../lib/gcc/arm-none-eabi/10.3.1/../../../../arm-none-eabi/lib/thumb/v7-m/nofp\libc_nano.a(lib_a-impure.o)
                              c:/st/stm32cubeide_1.7.0/stm32cubeide/plugins/com.st.stm32cube.ide.mcu.externaltools.gnu-tools-for-stm32.10.3-2021.10.win32_1.0.0.202111181127/tools/bin/../lib/gcc/arm-none-eabi/10.3.1/../../../../arm-none-eabi/lib/thumb/v7-m/nofp\libc_nano.a(lib_a-exit.o) (_global_impure_ptr)
c:/st/stm32cubeide_1.7.0/stm32cubeide/plugins/com.st.stm32cube.ide.mcu.externaltools.gnu-tools-for-stm32.10.3-2021.10.win32_1.0.0.202111181127/tools/bin/../lib/gcc/arm-none-eabi/10.3.1/../../../../arm-none-eabi/lib/thumb/v7-m/nofp\libc_nano.a(lib_a-init.o)
                              c:/st/stm32cubeide_1.7.0/stm32cubeide/plugins/com.st.stm32cube.ide.mcu.externaltools.gnu-tools-for-stm32.10.3-2021.10.win32_1.0.0.202111181127/tools/bin/../lib/gcc/arm-none-eabi/10.3.1/../../../../arm-none-eabi/lib/thumb/v7-m/nofp/crt0.o (__libc_init_array)
c:/st/stm32cubeide_1.7.0/stm32cubeide/plugins/com.st.stm32cube.ide.mcu.externaltools.gnu-tools-for-stm32.10.3-2021.10.win32_1.0.0.202111181127/tools/bin/../lib/gcc/arm-none-eabi/10.3.1/../../../../arm-none-eabi/lib/thumb/v7-m/nofp\libc_nano.a(lib_a-memset.o)
                              c:/st/stm32cubeide_1.7.0/stm32cubeide/plugins/com.st.stm32cube.ide.mcu.externaltools.gnu-tools-for-stm32.10.3-2021.10.win32_1.0.0.202111181127/tools/bin/../lib/gcc/arm-none-eabi/10.3.1/../../../../arm-none-eabi/lib/thumb/v7-m/nofp/crt0.o (memset)

Discarded input sections

 .text          0x0000000000000000        0x0 c:/st/stm32cubeide_1.7.0/stm32cubeide/plugins/com.st.stm32cube.ide.mcu.externaltools.gnu-tools-for-stm32.10.3-2021.10.win32_1.0.0.202111181127/tools/bin/../lib/gcc/arm-none-eabi/10.3.1/thumb/v7-m/nofp/crti.o
 .data          0x0000000000000000        0x0 c:/st/stm32cubeide_1.7.0/stm32cubeide/plugins/com.st.stm32cube.ide.mcu.externaltools.gnu-tools-for-stm32.10.3-2021.10.win32_1.0.0.202111181127/tools/bin/../lib/gcc/arm-none-eabi/10.3.1/thumb/v7-m/nofp/crti.o
 .bss           0x0000000000000000        0x0 c:/st/stm32cubeide_1.7.0/stm32cubeide/plugins/com.st.stm32cube.ide.mcu.externaltools.gnu-tools-for-stm32.10.3-2021.10.win32_1.0.0.202111181127/tools/bin/../lib/gcc/arm-none-eabi/10.3.1/thumb/v7-m/nofp/crti.o
 .data          0x0000000000000000        0x4 c:/st/stm32cubeide_1.7.0/stm32cubeide/plugins/com.st.stm32cube.ide.mcu.externaltools.gnu-tools-for-stm32.10.3-2021.10.win32_1.0.0.202111181127/tools/bin/../lib/gcc/arm-none-eabi/10.3.1/thumb/v7-m/nofp/crtbegin.o
 .rodata        0x0000000000000000       0x24 c:/st/stm32cubeide_1.7.0/stm32cubeide/plugins/com.st.stm32cube.ide.mcu.externaltools.gnu-tools-for-stm32.10.3-2021.10.win32_1.0.0.202111181127/tools/bin/../lib/gcc/arm-none-eabi/10.3.1/thumb/v7-m/nofp/crtbegin.o
 .text          0x0000000000000000       0x7c c:/st/stm32cubeide_1.7.0/stm32cubeide/plugins/com.st.stm32cube.ide.mcu.externaltools.gnu-tools-for-stm32.10.3-2021.10.win32_1.0.0.202111181127/tools/bin/../lib/gcc/arm-none-eabi/10.3.1/../../../../arm-none-eabi/lib/thumb/v7-m/nofp/crt0.o
 .data          0x0000000000000000        0x0 c:/st/stm32cubeide_1.7.0/stm32cubeide/plugins/com.st.stm32cube.ide.mcu.externaltools.gnu-tools-for-stm32.10.3-2021.10.win32_1.0.0.202111181127/tools/bin/../lib/gcc/arm-none-eabi/10.3.1/../../../../arm-none-eabi/lib/thumb/v7-m/nofp/crt0.o
 .bss           0x0000000000000000        0x0 c:/st/stm32cubeide_1.7.0/stm32cubeide/plugins/com.st.stm32cube.ide.mcu.externaltools.gnu-tools-for-stm32.10.3-2021.10.win32_1.0.0.202111181127/tools/bin/../lib/gcc/arm-none-eabi/10.3.1/../../../../arm-none-eabi/lib/thumb/v7-m/nofp/crt0.o
[...]
Memory Configuration

Name             Origin             Length             Attributes
RAM              0x0000000020000000 0x0000000000002800 xrw
FLASH            0x0000000008000000 0x0000000000008000 xr
*default*        0x0000000000000000 0xffffffffffffffff

Linker script and memory map

LOAD c:/st/stm32cubeide_1.7.0/stm32cubeide/plugins/com.st.stm32cube.ide.mcu.externaltools.gnu-tools-for-stm32.10.3-2021.10.win32_1.0.0.202111181127/tools/bin/../lib/gcc/arm-none-eabi/10.3.1/thumb/v7-m/nofp/crti.o
LOAD c:/st/stm32cubeide_1.7.0/stm32cubeide/plugins/com.st.stm32cube.ide.mcu.externaltools.gnu-tools-for-stm32.10.3-2021.10.win32_1.0.0.202111181127/tools/bin/../lib/gcc/arm-none-eabi/10.3.1/thumb/v7-m/nofp/crtbegin.o
LOAD c:/st/stm32cubeide_1.7.0/stm32cubeide/plugins/com.st.stm32cube.ide.mcu.externaltools.gnu-tools-for-stm32.10.3-2021.10.win32_1.0.0.202111181127/tools/bin/../lib/gcc/arm-none-eabi/10.3.1/../../../../arm-none-eabi/lib/thumb/v7-m/nofp/crt0.o
LOAD ./Core/Src/4led_trafficlight.o
LOAD ./Core/Src/7SEG_display.o
LOAD ./Core/Src/button.o
LOAD ./Core/Src/fsm_4mode.o
LOAD ./Core/Src/global.o
LOAD ./Core/Src/input_processing.o
LOAD ./Core/Src/input_reading.o
LOAD ./Core/Src/main.o
LOAD ./Core/Src/software_timer.o
LOAD ./Core/Src/stm32f1xx_hal_msp.o
LOAD ./Core/Src/stm32f1xx_it.o
LOAD ./Core/Src/syscalls.o
LOAD ./Core/Src/sysmem.o
LOAD ./Core/Src/system_stm32f1xx.o
LOAD ./Core/Src/timer.o
LOAD ./Core/Startup/startup_stm32f103c6ux.o
LOAD ./Drivers/STM32F1xx_HAL_Driver/Src/stm32f1xx_hal.o
LOAD ./Drivers/STM32F1xx_HAL_Driver/Src/stm32f1xx_hal_cortex.o
LOAD ./Drivers/STM32F1xx_HAL_Driver/Src/stm32f1xx_hal_dma.o
LOAD ./Drivers/STM32F1xx_HAL_Driver/Src/stm32f1xx_hal_exti.o
LOAD ./Drivers/STM32F1xx_HAL_Driver/Src/stm32f1xx_hal_flash.o
LOAD ./Drivers/STM32F1xx_HAL_Driver/Src/stm32f1xx_hal_flash_ex.o
LOAD ./Drivers/STM32F1xx_HAL_Driver/Src/stm32f1xx_hal_gpio.o
LOAD ./Drivers/STM32F1xx_HAL_Driver/Src/stm32f1xx_hal_gpio_ex.o
LOAD ./Drivers/STM32F1xx_HAL_Driver/Src/stm32f1xx_hal_pwr.o
LOAD ./Drivers/STM32F1xx_HAL_Driver/Src/stm32f1xx_hal_rcc.o
LOAD ./Drivers/STM32F1xx_HAL_Driver/Src/stm32f1xx_hal_rcc_ex.o
LOAD ./Drivers/STM32F1xx_HAL_Driver/Src/stm32f1xx_hal_tim.o
LOAD ./Drivers/STM32F1xx_HAL_Driver/Src/stm32f1xx_hal_tim_ex.o
START GROUP
LOAD c:/st/stm32cubeide_1.7.0/stm32cubeide/plugins/com.st.stm32cube.ide.mcu.externaltools.gnu-tools-for-stm32.10.3-2021.10.win32_1.0.0.202111181127/tools/bin/../lib/gcc/arm-none-eabi/10.3.1/../../../../arm-none-eabi/lib/thumb/v7-m/nofp\libc_nano.a
LOAD c:/st/stm32cubeide_1.7.0/stm32cubeide/plugins/com.st.stm32cube.ide.mcu.externaltools.gnu-tools-for-stm32.10.3-2021.10.win32_1.0.0.202111181127/tools/bin/../lib/gcc/arm-none-eabi/10.3.1/../../../../arm-none-eabi/lib/thumb/v7-m/nofp\libm.a
END GROUP
START GROUP
LOAD c:/st/stm32cubeide_1.7.0/stm32cubeide/plugins/com.st.stm32cube.ide.mcu.externaltools.gnu-tools-for-stm32.10.3-2021.10.win32_1.0.0.202111181127/tools/bin/../lib/gcc/arm-none-eabi/10.3.1/thumb/v7-m/nofp\libgcc.a
LOAD c:/st/stm32cubeide_1.7.0/stm32cubeide/plugins/com.st.stm32cube.ide.mcu.externaltools.gnu-tools-for-stm32.10.3-2021.10.win32_1.0.0.202111181127/tools/bin/../lib/gcc/arm-none-eabi/10.3.1/../../../../arm-none-eabi/lib/thumb/v7-m/nofp\libc_nano.a
END GROUP
START GROUP
LOAD c:/st/stm32cubeide_1.7.0/stm32cubeide/plugins/com.st.stm32cube.ide.mcu.externaltools.gnu-tools-for-stm32.10.3-2021.10.win32_1.0.0.202111181127/tools/bin/../lib/gcc/arm-none-eabi/10.3.1/thumb/v7-m/nofp\libgcc.a
LOAD c:/st/stm32cubeide_1.7.0/stm32cubeide/plugins/com.st.stm32cube.ide.mcu.externaltools.gnu-tools-for-stm32.10.3-2021.10.win32_1.0.0.202111181127/tools/bin/../lib/gcc/arm-none-eabi/10.3.1/../../../../arm-none-eabi/lib/thumb/v7-m/nofp\libc_nano.a
LOAD c:/st/stm32cubeide_1.7.0/stm32cubeide/plugins/com.st.stm32cube.ide.mcu.externaltools.gnu-tools-for-stm32.10.3-2021.10.win32_1.0.0.202111181127/tools/bin/../lib/gcc/arm-none-eabi/10.3.1/../../../../arm-none-eabi/lib/thumb/v7-m/nofp\libnosys.a
END GROUP
START GROUP
LOAD c:/st/stm32cubeide_1.7.0/stm32cubeide/plugins/com.st.stm32cube.ide.mcu.externaltools.gnu-tools-for-stm32.10.3-2021.10.win32_1.0.0.202111181127/tools/bin/../lib/gcc/arm-none-eabi/10.3.1/thumb/v7-m/nofp\libgcc.a
LOAD c:/st/stm32cubeide_1.7.0/stm32cubeide/plugins/com.st.stm32cube.ide.mcu.externaltools.gnu-tools-for-stm32.10.3-2021.10.win32_1.0.0.202111181127/tools/bin/../lib/gcc/arm-none-eabi/10.3.1/../../../../arm-none-eabi/lib/thumb/v7-m/nofp\libc_nano.a
LOAD c:/st/stm32cubeide_1.7.0/stm32cubeide/plugins/com.st.stm32cube.ide.mcu.externaltools.gnu-tools-for-stm32.10.3-2021.10.win32_1.0.0.202111181127/tools/bin/../lib/gcc/arm-none-eabi/10.3.1/../../../../arm-none-eabi/lib/thumb/v7-m/nofp\libnosys.a
END GROUP
LOAD c:/st/stm32cubeide_1.7.0/stm32cubeide/plugins/com.st.stm32cube.ide.mcu.externaltools.gnu-tools-for-stm32.10.3-2021.10.win32_1.0.0.202111181127/tools/bin/../lib/gcc/arm-none-eabi/10.3.1/thumb/v7-m/nofp/crtend.o
LOAD c:/st/stm32cubeide_1.7.0/stm32cubeide/plugins/com.st.stm32cube.ide.mcu.externaltools.gnu-tools-for-stm32.10.3-2021.10.win32_1.0.0.202111181127/tools/bin/../lib/gcc/arm-none-eabi/10.3.1/thumb/v7-m/nofp/crtn.o
                0x0000000020002800                _estack = (ORIGIN (RAM) + LENGTH (RAM))
                0x0000000000000200                _Min_Heap_Size = 0x200
                0x0000000000000400                _Min_Stack_Size = 0x400

.isr_vector     0x0000000008000000      0x10c
                0x0000000008000000                . = ALIGN (0x4)
 *(.isr_vector)
 .isr_vector    0x0000000008000000      0x10c ./Core/Startup/startup_stm32f103c6ux.o
                0x0000000008000000                g_pfnVectors
                0x000000000800010c                . = ALIGN (0x4)

.text           0x000000000800010c     0x2c1c
                0x000000000800010c                . = ALIGN (0x4)
 *(.text)
 .text          0x000000000800010c       0x40 c:/st/stm32cubeide_1.7.0/stm32cubeide/plugins/com.st.stm32cube.ide.mcu.externaltools.gnu-tools-for-stm32.10.3-2021.10.win32_1.0.0.202111181127/tools/bin/../lib/gcc/arm-none-eabi/10.3.1/thumb/v7-m/nofp/crtbegin.o
 *(.text*)
 .text.LedRedAll
                0x000000000800014c       0x20 ./Core/Src/4led_trafficlight.o
                0x000000000800014c                LedRedAll
 .text.LedGreenAll
                0x000000000800016c       0x20 ./Core/Src/4led_trafficlight.o
                0x000000000800016c                LedGreenAll
 .text.LedYellowAll
                0x000000000800018c       0x20 ./Core/Src/4led_trafficlight.o
                0x000000000800018c                LedYellowAll
 .text.clearAll
                0x00000000080001ac       0x48 ./Core/Src/4led_trafficlight.o
                0x00000000080001ac                clearAll
 .text.fsm_mode1_run
                0x00000000080001f4      0x318 ./Core/Src/4led_trafficlight.o
                0x00000000080001f4                fsm_mode1_run
 .text.LED_7SEG
                0x000000000800050c      0x320 ./Core/Src/7SEG_display.o
                0x000000000800050c                LED_7SEG
 .text.clearEnBuffer
                0x000000000800082c       0x3c ./Core/Src/7SEG_display.o
                0x000000000800082c                clearEnBuffer
 .text.EnBuffer
                0x0000000008000868       0x78 ./Core/Src/7SEG_display.o
                0x0000000008000868                EnBuffer
 .text.Display7SEGwithNum
                0x00000000080008e0       0x58 ./Core/Src/7SEG_display.o
                0x00000000080008e0                Display7SEGwithNum
 .text.Display_7SEG_mode
                0x0000000008000938       0x34 ./Core/Src/7SEG_display.o
                0x0000000008000938                Display_7SEG_mode
 .text.Display_7SEG_Timer
                0x000000000800096c      0x174 ./Core/Src/7SEG_display.o
                0x000000000800096c                Display_7SEG_Timer
 .text.button_reading
                0x0000000008000ae0      0x154 ./Core/Src/button.o
                0x0000000008000ae0                button_reading
 .text.is_button_pressed
                0x0000000008000c34       0x4c ./Core/Src/button.o
                0x0000000008000c34                is_button_pressed
 .text.fsm_4mode_run
                0x0000000008000c80      0x41c ./Core/Src/fsm_4mode.o
                0x0000000008000c80                fsm_4mode_run
 .text.choose_mode_run
                0x000000000800109c       0x38 ./Core/Src/global.o
                0x000000000800109c                choose_mode_run
 .text.choose_duration_run
                0x00000000080010d4       0x68 ./Core/Src/global.o
                0x00000000080010d4                choose_duration_run
 .text.choose_duration_run_1
                0x000000000800113c       0x68 ./Core/Src/global.o
                0x000000000800113c                choose_duration_run_1
 .text.choose_duration_run_update
                0x00000000080011a4       0x68 ./Core/Src/global.o
                0x00000000080011a4                choose_duration_run_update
 .text.main     0x000000000800120c       0xc4 ./Core/Src/main.o
                0x000000000800120c                main
 .text.SystemClock_Config
                0x00000000080012d0       0x76 ./Core/Src/main.o
                0x00000000080012d0                SystemClock_Config
 *fill*         0x0000000008001346        0x2 
 .text.MX_TIM2_Init
                0x0000000008001348       0x98 ./Core/Src/main.o
 .text.MX_GPIO_Init
                0x00000000080013e0       0xe0 ./Core/Src/main.o
 .text.Error_Handler
                0x00000000080014c0        0xa ./Core/Src/main.o
                0x00000000080014c0                Error_Handler
 *fill*         0x00000000080014ca        0x2 
 .text.setTimer
                0x00000000080014cc       0x30 ./Core/Src/software_timer.o
                0x00000000080014cc                setTimer
 .text.timerRun
                0x00000000080014fc       0x60 ./Core/Src/software_timer.o
                0x00000000080014fc                timerRun
 .text.HAL_MspInit
                0x000000000800155c       0x64 ./Core/Src/stm32f1xx_hal_msp.o
                0x000000000800155c                HAL_MspInit
 .text.HAL_TIM_Base_MspInit
                0x00000000080015c0       0x48 ./Core/Src/stm32f1xx_hal_msp.o
                0x00000000080015c0                HAL_TIM_Base_MspInit
 .text.NMI_Handler
                0x0000000008001608        0x6 ./Core/Src/stm32f1xx_it.o
                0x0000000008001608                NMI_Handler
 .text.HardFault_Handler
                0x000000000800160e        0x6 ./Core/Src/stm32f1xx_it.o
                0x000000000800160e                HardFault_Handler
 .text.MemManage_Handler
                0x0000000008001614        0x6 ./Core/Src/stm32f1xx_it.o
                0x0000000008001614                MemManage_Handler
 .text.BusFault_Handler
                0x000000000800161a        0x6 ./Core/Src/stm32f1xx_it.o
                0x000000000800161a                BusFault_Handler
 .text.UsageFault_Handler
                0x0000000008001620        0x6 ./Core/Src/stm32f1xx_it.o
                0x0000000008001620                UsageFault_Handler
 .text.SVC_Handler
                0x0000000008001626        0xc ./Core/Src/stm32f1xx_it.o
                0x0000000008001626                SVC_Handler
 .text.DebugMon_Handler
                0x0000000008001632        0xc ./Core/Src/stm32f1xx_it.o
                0x0000000008001632                DebugMon_Handler
 .text.PendSV_Handler
                0x000000000800163e        0xc ./Core/Src/stm32f1xx_it.o
                0x000000000800163e                PendSV_Handler
 .text.SysTick_Handler
                0x000000000800164a        0xc ./Core/Src/stm32f1xx_it.o
                0x000000000800164a                SysTick_Handler
 *fill*         0x0000000008001656        0x2 
 .text.TIM2_IRQHandler
                0x0000000008001658       0x14 ./Core/Src/stm32f1xx_it.o
                0x0000000008001658                TIM2_IRQHandler
 .text.SystemInit
                0x000000000800166c        0xc ./Core/Src/system_stm32f1xx.o
                0x000000000800166c                SystemInit
 .text.HAL_TIM_PeriodElapsedCallback
                0x0000000008001678       0x22 ./Core/Src/timer.o
                0x0000000008001678                HAL_TIM_PeriodElapsedCallback
 *fill*         0x000000000800169a        0x2 
 .text.Reset_Handler
                0x000000000800169c       0x48 ./Core/Startup/startup_stm32f103c6ux.o
                0x000000000800169c                Reset_Handler
 .text.Default_Handler
                0x00000000080016e4        0x2 ./Core/Startup/startup_stm32f103c6ux.o
                0x00000000080016e4                RTC_Alarm_IRQHandler
                0x00000000080016e4                EXTI2_IRQHandler
                0x00000000080016e4                TIM1_CC_IRQHandler
                0x00000000080016e4                PVD_IRQHandler
                0x00000000080016e4                EXTI3_IRQHandler
                0x00000000080016e4                EXTI0_IRQHandler
                0x00000000080016e4                ADC1_2_IRQHandler
                0x00000000080016e4                SPI1_IRQHandler
                0x00000000080016e4                TAMPER_IRQHandler
                0x00000000080016e4                DMA1_Channel4_IRQHandler
                0x00000000080016e4                RTC_IRQHandler
                0x00000000080016e4                DMA1_Channel7_IRQHandler
                0x00000000080016e4                CAN1_RX1_IRQHandler
                0x00000000080016e4                I2C1_EV_IRQHandler
                0x00000000080016e4                DMA1_Channel6_IRQHandler
                0x00000000080016e4                TIM3_IRQHandler
                0x00000000080016e4                RCC_IRQHandler
                0x00000000080016e4                TIM1_TRG_COM_IRQHandler
                0x00000000080016e4                DMA1_Channel1_IRQHandler
                0x00000000080016e4                Default_Handler
                0x00000000080016e4                EXTI15_10_IRQHandler
                0x00000000080016e4                EXTI9_5_IRQHandler
                0x00000000080016e4                DMA1_Channel5_IRQHandler
                0x00000000080016e4                EXTI4_IRQHandler
                0x00000000080016e4                USB_LP_CAN1_RX0_IRQHandler
                0x00000000080016e4                USB_HP_CAN1_TX_IRQHandler
                0x00000000080016e4                DMA1_Channel3_IRQHandler
                0x00000000080016e4                TIM1_UP_IRQHandler
                0x00000000080016e4                WWDG_IRQHandler
                0x00000000080016e4                TIM1_BRK_IRQHandler
                0x00000000080016e4                EXTI1_IRQHandler
                0x00000000080016e4                USART2_IRQHandler
                0x00000000080016e4                DMA1_Channel2_IRQHandler
                0x00000000080016e4                CAN1_SCE_IRQHandler
                0x00000000080016e4                FLASH_IRQHandler
                0x00000000080016e4                USART1_IRQHandler
                0x00000000080016e4                I2C1_ER_IRQHandler
                0x00000000080016e4                USBWakeUp_IRQHandler
 *fill*         0x00000000080016e6        0x2 
 .text.HAL_Init
                0x00000000080016e8       0x2c ./Drivers/STM32F1xx_HAL_Driver/Src/stm32f1xx_hal.o
                0x00000000080016e8                HAL_Init
 .text.HAL_InitTick
                0x0000000008001714       0x60 ./Drivers/STM32F1xx_HAL_Driver/Src/stm32f1xx_hal.o
                0x0000000008001714                HAL_InitTick
 .text.HAL_IncTick
                0x0000000008001774       0x24 ./Drivers/STM32F1xx_HAL_Driver/Src/stm32f1xx_hal.o
                0x0000000008001774                HAL_IncTick
 .text.HAL_GetTick
                0x0000000008001798       0x14 ./Drivers/STM32F1xx_HAL_Driver/Src/stm32f1xx_hal.o
                0x0000000008001798                HAL_GetTick
 .text.__NVIC_SetPriorityGrouping
                0x00000000080017ac       0x48 ./Drivers/STM32F1xx_HAL_Driver/Src/stm32f1xx_hal_cortex.o
 .text.__NVIC_GetPriorityGrouping
                0x00000000080017f4       0x1c ./Drivers/STM32F1xx_HAL_Driver/Src/stm32f1xx_hal_cortex.o
 .text.__NVIC_EnableIRQ
                0x0000000008001810       0x38 ./Drivers/STM32F1xx_HAL_Driver/Src/stm32f1xx_hal_cortex.o
 .text.__NVIC_SetPriority
                0x0000000008001848       0x54 ./Drivers/STM32F1xx_HAL_Driver/Src/stm32f1xx_hal_cortex.o
 .text.NVIC_EncodePriority
                0x000000000800189c       0x64 ./Drivers/STM32F1xx_HAL_Driver/Src/stm32f1xx_hal_cortex.o
 .text.SysTick_Config
                0x0000000008001900       0x44 ./Drivers/STM32F1xx_HAL_Driver/Src/stm32f1xx_hal_cortex.o
 .text.HAL_NVIC_SetPriorityGrouping
                0x0000000008001944       0x16 ./Drivers/STM32F1xx_HAL_Driver/Src/stm32f1xx_hal_cortex.o
                0x0000000008001944                HAL_NVIC_SetPriorityGrouping
 .text.HAL_NVIC_SetPriority
                0x000000000800195a       0x38 ./Drivers/STM32F1xx_HAL_Driver/Src/stm32f1xx_hal_cortex.o
                0x000000000800195a                HAL_NVIC_SetPriority
 .text.HAL_NVIC_EnableIRQ
                0x0000000008001992       0x1c ./Drivers/STM32F1xx_HAL_Driver/Src/stm32f1xx_hal_cortex.o
                0x0000000008001992                HAL_NVIC_EnableIRQ
 .text.HAL_SYSTICK_Config
                0x00000000080019ae       0x18 ./Drivers/STM32F1xx_HAL_Driver/Src/stm32f1xx_hal_cortex.o
                0x00000000080019ae                HAL_SYSTICK_Config
 *fill*         0x00000000080019c6        0x2 
 .text.HAL_GPIO_Init
                0x00000000080019c8      0x2f8 ./Drivers/STM32F1xx_HAL_Driver/Src/stm32f1xx_hal_gpio.o
                0x00000000080019c8                HAL_GPIO_Init
 .text.HAL_GPIO_ReadPin
                0x0000000008001cc0       0x2e ./Drivers/STM32F1xx_HAL_Driver/Src/stm32f1xx_hal_gpio.o
                0x0000000008001cc0                HAL_GPIO_ReadPin
 .text.HAL_GPIO_WritePin
                0x0000000008001cee       0x30 ./Drivers/STM32F1xx_HAL_Driver/Src/stm32f1xx_hal_gpio.o
                0x0000000008001cee                HAL_GPIO_WritePin
 *fill*         0x0000000008001d1e        0x2 
 .text.HAL_RCC_OscConfig
                0x0000000008001d20      0x504 ./Drivers/STM32F1xx_HAL_Driver/Src/stm32f1xx_hal_rcc.o
                0x0000000008001d20                HAL_RCC_OscConfig
 .text.HAL_RCC_ClockConfig
                0x0000000008002224      0x1d4 ./Drivers/STM32F1xx_HAL_Driver/Src/stm32f1xx_hal_rcc.o
                0x0000000008002224                HAL_RCC_ClockConfig
 .text.HAL_RCC_GetSysClockFreq
                0x00000000080023f8       0xbc ./Drivers/STM32F1xx_HAL_Driver/Src/stm32f1xx_hal_rcc.o
                0x00000000080023f8                HAL_RCC_GetSysClockFreq
 .text.RCC_Delay
                0x00000000080024b4       0x3c ./Drivers/STM32F1xx_HAL_Driver/Src/stm32f1xx_hal_rcc.o
 .text.HAL_TIM_Base_Init
                0x00000000080024f0       0x9e ./Drivers/STM32F1xx_HAL_Driver/Src/stm32f1xx_hal_tim.o
                0x00000000080024f0                HAL_TIM_Base_Init
 *fill*         0x000000000800258e        0x2 
 .text.HAL_TIM_Base_Start_IT
                0x0000000008002590       0x98 ./Drivers/STM32F1xx_HAL_Driver/Src/stm32f1xx_hal_tim.o
                0x0000000008002590                HAL_TIM_Base_Start_IT
 .text.HAL_TIM_IRQHandler
                0x0000000008002628      0x210 ./Drivers/STM32F1xx_HAL_Driver/Src/stm32f1xx_hal_tim.o
                0x0000000008002628                HAL_TIM_IRQHandler
 .text.HAL_TIM_ConfigClockSource
                0x0000000008002838      0x188 ./Drivers/STM32F1xx_HAL_Driver/Src/stm32f1xx_hal_tim.o
                0x0000000008002838                HAL_TIM_ConfigClockSource
 .text.HAL_TIM_OC_DelayElapsedCallback
                0x00000000080029c0       0x12 ./Drivers/STM32F1xx_HAL_Driver/Src/stm32f1xx_hal_tim.o
                0x00000000080029c0                HAL_TIM_OC_DelayElapsedCallback
 .text.HAL_TIM_IC_CaptureCallback
                0x00000000080029d2       0x12 ./Drivers/STM32F1xx_HAL_Driver/Src/stm32f1xx_hal_tim.o
                0x00000000080029d2                HAL_TIM_IC_CaptureCallback
 .text.HAL_TIM_PWM_PulseFinishedCallback
                0x00000000080029e4       0x12 ./Drivers/STM32F1xx_HAL_Driver/Src/stm32f1xx_hal_tim.o
                0x00000000080029e4                HAL_TIM_PWM_PulseFinishedCallback
 .text.HAL_TIM_TriggerCallback
                0x00000000080029f6       0x12 ./Drivers/STM32F1xx_HAL_Driver/Src/stm32f1xx_hal_tim.o
                0x00000000080029f6                HAL_TIM_TriggerCallback
 .text.TIM_Base_SetConfig
                0x0000000008002a08       0xb0 ./Drivers/STM32F1xx_HAL_Driver/Src/stm32f1xx_hal_tim.o
                0x0000000008002a08                TIM_Base_SetConfig
 .text.TIM_TI1_ConfigInputStage
                0x0000000008002ab8       0x5c ./Drivers/STM32F1xx_HAL_Driver/Src/stm32f1xx_hal_tim.o
 .text.TIM_TI2_ConfigInputStage
                0x0000000008002b14       0x5e ./Drivers/STM32F1xx_HAL_Driver/Src/stm32f1xx_hal_tim.o
 .text.TIM_ITRx_SetConfig
                0x0000000008002b72       0x34 ./Drivers/STM32F1xx_HAL_Driver/Src/stm32f1xx_hal_tim.o
 .text.TIM_ETR_SetConfig
                0x0000000008002ba6       0x3e ./Drivers/STM32F1xx_HAL_Driver/Src/stm32f1xx_hal_tim.o
                0x0000000008002ba6                TIM_ETR_SetConfig
 .text.HAL_TIMEx_MasterConfigSynchronization
                0x0000000008002be4       0xb0 ./Drivers/STM32F1xx_HAL_Driver/Src/stm32f1xx_hal_tim_ex.o
                0x0000000008002be4                HAL_TIMEx_MasterConfigSynchronization
 .text.HAL_TIMEx_CommutCallback
                0x0000000008002c94       0x12 ./Drivers/STM32F1xx_HAL_Driver/Src/stm32f1xx_hal_tim_ex.o
                0x0000000008002c94                HAL_TIMEx_CommutCallback
 .text.HAL_TIMEx_BreakCallback
                0x0000000008002ca6       0x12 ./Drivers/STM32F1xx_HAL_Driver/Src/stm32f1xx_hal_tim_ex.o
                0x0000000008002ca6                HAL_TIMEx_BreakCallback
 .text.__libc_init_array
                0x0000000008002cb8       0x48 c:/st/stm32cubeide_1.7.0/stm32cubeide/plugins/com.st.stm32cube.ide.mcu.externaltools.gnu-tools-for-stm32.10.3-2021.10.win32_1.0.0.202111181127/tools/bin/../lib/gcc/arm-none-eabi/10.3.1/../../../../arm-none-eabi/lib/thumb/v7-m/nofp\libc_nano.a(lib_a-init.o)
                0x0000000008002cb8                __libc_init_array
 .text.memset   0x0000000008002d00       0x10 c:/st/stm32cubeide_1.7.0/stm32cubeide/plugins/com.st.stm32cube.ide.mcu.externaltools.gnu-tools-for-stm32.10.3-2021.10.win32_1.0.0.202111181127/tools/bin/../lib/gcc/arm-none-eabi/10.3.1/../../../../arm-none-eabi/lib/thumb/v7-m/nofp\libc_nano.a(lib_a-memset.o)
                0x0000000008002d00                memset
 *(.glue_7)
 .glue_7        0x0000000008002d10        0x0 linker stubs
 *(.glue_7t)
 .glue_7t       0x0000000008002d10        0x0 linker stubs
 *(.eh_frame)
 .eh_frame      0x0000000008002d10        0x0 c:/st/stm32cubeide_1.7.0/stm32cubeide/plugins/com.st.stm32cube.ide.mcu.externaltools.gnu-tools-for-stm32.10.3-2021.10.win32_1.0.0.202111181127/tools/bin/../lib/gcc/arm-none-eabi/10.3.1/thumb/v7-m/nofp/crtbegin.o
 *(.init)
 .init          0x0000000008002d10        0x4 c:/st/stm32cubeide_1.7.0/stm32cubeide/plugins/com.st.stm32cube.ide.mcu.externaltools.gnu-tools-for-stm32.10.3-2021.10.win32_1.0.0.202111181127/tools/bin/../lib/gcc/arm-none-eabi/10.3.1/thumb/v7-m/nofp/crti.o
                0x0000000008002d10                _init
 .init          0x0000000008002d14        0x8 c:/st/stm32cubeide_1.7.0/stm32cubeide/plugins/com.st.stm32cube.ide.mcu.externaltools.gnu-tools-for-stm32.10.3-2021.10.win32_1.0.0.202111181127/tools/bin/../lib/gcc/arm-none-eabi/10.3.1/thumb/v7-m/nofp/crtn.o
 *(.fini)
 .fini          0x0000000008002d1c        0x4 c:/st/stm32cubeide_1.7.0/stm32cubeide/plugins/com.st.stm32cube.ide.mcu.externaltools.gnu-tools-for-stm32.10.3-2021.10.win32_1.0.0.202111181127/tools/bin/../lib/gcc/arm-none-eabi/10.3.1/thumb/v7-m/nofp/crti.o
                0x0000000008002d1c                _fini
 .fini          0x0000000008002d20        0x8 c:/st/stm32cubeide_1.7.0/stm32cubeide/plugins/com.st.stm32cube.ide.mcu.externaltools.gnu-tools-for-stm32.10.3-2021.10.win32_1.0.0.202111181127/tools/bin/../lib/gcc/arm-none-eabi/10.3.1/thumb/v7-m/nofp/crtn.o
                0x0000000008002d28                . = ALIGN (0x4)
                0x0000000008002d28                _etext = .

.vfp11_veneer   0x0000000008002d28        0x0
 .vfp11_veneer  0x0000000008002d28        0x0 linker stubs

.v4_bx          0x0000000008002d28        0x0
 .v4_bx         0x0000000008002d28        0x0 linker stubs

.iplt           0x0000000008002d28        0x0
 .iplt          0x0000000008002d28        0x0 c:/st/stm32cubeide_1.7.0/stm32cubeide/plugins/com.st.stm32cube.ide.mcu.externaltools.gnu-tools-for-stm32.10.3-2021.10.win32_1.0.0.202111181127/tools/bin/../lib/gcc/arm-none-eabi/10.3.1/thumb/v7-m/nofp/crtbegin.o

.rodata         0x0000000008002d28       0x20
                0x0000000008002d28                . = ALIGN (0x4)
 *(.rodata)
 .rodata        0x0000000008002d28       0x10 ./Drivers/STM32F1xx_HAL_Driver/Src/stm32f1xx_hal_rcc.o
 *(.rodata*)
 .rodata.AHBPrescTable
                0x0000000008002d38       0x10 ./Core/Src/system_stm32f1xx.o
                0x0000000008002d38                AHBPrescTable
                0x0000000008002d48                . = ALIGN (0x4)

.rel.dyn        0x0000000008002d48        0x0
 .rel.iplt      0x0000000008002d48        0x0 c:/st/stm32cubeide_1.7.0/stm32cubeide/plugins/com.st.stm32cube.ide.mcu.externaltools.gnu-tools-for-stm32.10.3-2021.10.win32_1.0.0.202111181127/tools/bin/../lib/gcc/arm-none-eabi/10.3.1/thumb/v7-m/nofp/crtbegin.o

.ARM.extab      0x0000000008002d48        0x0
                0x0000000008002d48                . = ALIGN (0x4)
 *(.ARM.extab* .gnu.linkonce.armextab.*)
                0x0000000008002d48                . = ALIGN (0x4)

.ARM            0x0000000008002d48        0x0
                0x0000000008002d48                . = ALIGN (0x4)
                0x0000000008002d48                __exidx_start = .
 *(.ARM.exidx*)
                0x0000000008002d48                __exidx_end = .
                0x0000000008002d48                . = ALIGN (0x4)

.preinit_array  0x0000000008002d48        0x0
                0x0000000008002d48                . = ALIGN (0x4)
                0x0000000008002d48                PROVIDE (__preinit_array_start = .)
 *(.preinit_array*)
                0x0000000008002d48                PROVIDE (__preinit_array_end = .)
                0x0000000008002d48                . = ALIGN (0x4)

.init_array     0x0000000008002d48        0x4
                0x0000000008002d48                . = ALIGN (0x4)
                0x0000000008002d48                PROVIDE (__init_array_start = .)
 *(SORT_BY_NAME(.init_array.*))
 *(.init_array*)
 .init_array    0x0000000008002d48        0x4 c:/st/stm32cubeide_1.7.0/stm32cubeide/plugins/com.st.stm32cube.ide.mcu.externaltools.gnu-tools-for-stm32.10.3-2021.10.win32_1.0.0.202111181127/tools/bin/../lib/gcc/arm-none-eabi/10.3.1/thumb/v7-m/nofp/crtbegin.o
                0x0000000008002d4c                PROVIDE (__init_array_end = .)
                0x0000000008002d4c                . = ALIGN (0x4)

.fini_array     0x0000000008002d4c        0x4
                0x0000000008002d4c                . = ALIGN (0x4)
                [!provide]                        PROVIDE (__fini_array_start = .)
 *(SORT_BY_NAME(.fini_array.*))
 *(.fini_array*)
 .fini_array    0x0000000008002d4c        0x4 c:/st/stm32cubeide_1.7.0/stm32cubeide/plugins/com.st.stm32cube.ide.mcu.externaltools.gnu-tools-for-stm32.10.3-2021.10.win32_1.0.0.202111181127/tools/bin/../lib/gcc/arm-none-eabi/10.3.1/thumb/v7-m/nofp/crtbegin.o
                [!provide]                        PROVIDE (__fini_array_end = .)
                0x0000000008002d50                . = ALIGN (0x4)
                0x0000000008002d50                _sidata = LOADADDR (.data)

.data           0x0000000020000000       0x30 load address 0x0000000008002d50
                0x0000000020000000                . = ALIGN (0x4)
                0x0000000020000000                _sdata = .
 *(.data)
 *(.data*)
 .data.duration
                0x0000000020000000        0xc ./Core/Src/global.o
                0x0000000020000000                duration
 .data.duration_1
                0x000000002000000c        0xc ./Core/Src/global.o
                0x000000002000000c                duration_1
 .data.duration_update
                0x0000000020000018        0xc ./Core/Src/global.o
                0x0000000020000018                duration_update
 .data.SystemCoreClock
                0x0000000020000024        0x4 ./Core/Src/system_stm32f1xx.o
                0x0000000020000024                SystemCoreClock
 .data.uwTickPrio
                0x0000000020000028        0x4 ./Drivers/STM32F1xx_HAL_Driver/Src/stm32f1xx_hal.o
                0x0000000020000028                uwTickPrio
 .data.uwTickFreq
                0x000000002000002c        0x1 ./Drivers/STM32F1xx_HAL_Driver/Src/stm32f1xx_hal.o
                0x000000002000002c                uwTickFreq
 *(.RamFunc)
 *(.RamFunc*)
                0x0000000020000030                . = ALIGN (0x4)
 *fill*         0x000000002000002d        0x3 
                0x0000000020000030                _edata = .

.igot.plt       0x0000000020000030        0x0 load address 0x0000000008002d80
 .igot.plt      0x0000000020000030        0x0 c:/st/stm32cubeide_1.7.0/stm32cubeide/plugins/com.st.stm32cube.ide.mcu.externaltools.gnu-tools-for-stm32.10.3-2021.10.win32_1.0.0.202111181127/tools/bin/../lib/gcc/arm-none-eabi/10.3.1/thumb/v7-m/nofp/crtbegin.o
                0x0000000020000030                . = ALIGN (0x4)

.bss            0x0000000020000030       0xe4 load address 0x0000000008002d80
                0x0000000020000030                _sbss = .
                0x0000000020000030                __bss_start__ = _sbss
 *(.bss)
 .bss           0x0000000020000030       0x1c c:/st/stm32cubeide_1.7.0/stm32cubeide/plugins/com.st.stm32cube.ide.mcu.externaltools.gnu-tools-for-stm32.10.3-2021.10.win32_1.0.0.202111181127/tools/bin/../lib/gcc/arm-none-eabi/10.3.1/thumb/v7-m/nofp/crtbegin.o
 *(.bss*)
 .bss.LED_Index
                0x000000002000004c        0x4 ./Core/Src/7SEG_display.o
                0x000000002000004c                LED_Index
 .bss.FLAG_CHECK_PRESSED
                0x0000000020000050        0xc ./Core/Src/button.o
                0x0000000020000050                FLAG_CHECK_PRESSED
 .bss.counterForButtonPress1s
                0x000000002000005c        0x6 ./Core/Src/button.o
 *fill*         0x0000000020000062        0x2 
 .bss.Key_0     0x0000000020000064        0x3 ./Core/Src/button.o
 *fill*         0x0000000020000067        0x1 
 .bss.Key_1     0x0000000020000068        0x3 ./Core/Src/button.o
 *fill*         0x000000002000006b        0x1 
 .bss.Key_2     0x000000002000006c        0x3 ./Core/Src/button.o
 *fill*         0x000000002000006f        0x1 
 .bss.Key_3     0x0000000020000070        0x3 ./Core/Src/button.o
 *fill*         0x0000000020000073        0x1 
 .bss.buttonBuffer
                0x0000000020000074        0x3 ./Core/Src/button.o
 *fill*         0x0000000020000077        0x1 
 .bss.flagForButtonPress1s
                0x0000000020000078        0x3 ./Core/Src/button.o
 *fill*         0x000000002000007b        0x1 
 .bss.status    0x000000002000007c        0x4 ./Core/Src/global.o
                0x000000002000007c                status
 .bss.status_1  0x0000000020000080        0x4 ./Core/Src/global.o
                0x0000000020000080                status_1
 .bss.status_2  0x0000000020000084        0x4 ./Core/Src/global.o
                0x0000000020000084                status_2
 .bss.led       0x0000000020000088        0x4 ./Core/Src/global.o
                0x0000000020000088                led
 .bss.led_1     0x000000002000008c        0x4 ./Core/Src/global.o
                0x000000002000008c                led_1
 .bss.led_2     0x0000000020000090        0x4 ./Core/Src/global.o
                0x0000000020000090                led_2
 .bss.choose_mode
                0x0000000020000094        0x4 ./Core/Src/global.o
                0x0000000020000094                choose_mode
 .bss.choose_duration
                0x0000000020000098        0x4 ./Core/Src/global.o
                0x0000000020000098                choose_duration
 .bss.choose_duration_1
                0x000000002000009c        0x4 ./Core/Src/global.o
                0x000000002000009c                choose_duration_1
 .bss.choose_duration_update
                0x00000000200000a0        0x4 ./Core/Src/global.o
                0x00000000200000a0                choose_duration_update
 .bss.choose_duration_divider
                0x00000000200000a4        0x4 ./Core/Src/global.o
                0x00000000200000a4                choose_duration_divider
 .bss.htim2     0x00000000200000a8       0x48 ./Core/Src/main.o
                0x00000000200000a8                htim2
 .bss.timer_counter
                0x00000000200000f0       0x10 ./Core/Src/software_timer.o
                0x00000000200000f0                timer_counter
 .bss.timer_flag
                0x0000000020000100       0x10 ./Core/Src/software_timer.o
                0x0000000020000100                timer_flag
 .bss.uwTick    0x0000000020000110        0x4 ./Drivers/STM32F1xx_HAL_Driver/Src/stm32f1xx_hal.o
                0x0000000020000110                uwTick
 *(COMMON)
                0x0000000020000114                . = ALIGN (0x4)
                0x0000000020000114                _ebss = .
                0x0000000020000114                __bss_end__ = _ebss

._user_heap_stack
                0x0000000020000114      0x604 load address 0x0000000008002d80
                0x0000000020000118                . = ALIGN (0x8)
 *fill*         0x0000000020000114        0x4 
                [!provide]                        PROVIDE (end = .)
                0x0000000020000118                PROVIDE (_end = .)
                0x0000000020000318                . = (. + _Min_Heap_Size)
 *fill*         0x0000000020000118      0x200 
                0x0000000020000718                . = (. + _Min_Stack_Size)
 *fill*         0x0000000020000318      0x400 
                0x0000000020000718                . = ALIGN (0x8)

/DISCARD/
 libc.a(*)
 libm.a(*)
 libgcc.a(*)

.ARM.attributes
                0x0000000000000000       0x29
 *(.ARM.attributes)
 .ARM.attributes
                0x0000000000000000       0x1d c:/st/stm32cubeide_1.7.0/stm32cubeide/plugins/com.st.stm32cube.ide.mcu.externaltools.gnu-tools-for-stm32.10.3-2021.10.win32_1.0.0.202111181127/tools/bin/../lib/gcc/arm-none-eabi/10.3.1/thumb/v7-m/nofp/crti.o
 .ARM.attributes
                0x000000000000001d       0x2d c:/st/stm32cubeide_1.7.0/stm32cubeide/plugins/com.st.stm32cube.ide.mcu.externaltools.gnu-tools-for-stm32.10.3-2021.10.win32_1.0.0.202111181127/tools/bin/../lib/gcc/arm-none-eabi/10.3.1/thumb/v7-m/nofp/crtbegin.o
 .ARM.attributes
                0x000000000000004a       0x2d ./Core/Src/4led_trafficlight.o
 .ARM.attributes
                0x0000000000000077       0x2d ./Core/Src/7SEG_display.o
 .ARM.attributes
                0x00000000000000a4       0x2d ./Core/Src/button.o
 .ARM.attributes
                0x00000000000000d1       0x2d ./Core/Src/fsm_4mode.o
 .ARM.attributes
                0x00000000000000fe       0x2d ./Core/Src/global.o
 .ARM.attributes
                0x000000000000012b       0x2d ./Core/Src/main.o
 .ARM.attributes
                0x0000000000000158       0x2d ./Core/Src/software_timer.o
 .ARM.attributes
                0x0000000000000185       0x2d ./Core/Src/stm32f1xx_hal_msp.o
 .ARM.attributes
                0x00000000000001b2       0x2d ./Core/Src/stm32f1xx_it.o
 .ARM.attributes
                0x00000000000001df       0x2d ./Core/Src/system_stm32f1xx.o
 .ARM.attributes
                0x000000000000020c       0x2d ./Core/Src/timer.o
 .ARM.attributes
                0x0000000000000239       0x21 ./Core/Startup/startup_stm32f103c6ux.o
 .ARM.attributes
                0x000000000000025a       0x2d ./Drivers/STM32F1xx_HAL_Driver/Src/stm32f1xx_hal.o
 .ARM.attributes
                0x0000000000000287       0x2d ./Drivers/STM32F1xx_HAL_Driver/Src/stm32f1xx_hal_cortex.o
 .ARM.attributes
                0x00000000000002b4       0x2d ./Drivers/STM32F1xx_HAL_Driver/Src/stm32f1xx_hal_gpio.o
 .ARM.attributes
                0x00000000000002e1       0x2d ./Drivers/STM32F1xx_HAL_Driver/Src/stm32f1xx_hal_rcc.o
 .ARM.attributes
                0x000000000000030e       0x2d ./Drivers/STM32F1xx_HAL_Driver/Src/stm32f1xx_hal_tim.o
 .ARM.attributes
                0x000000000000033b       0x2d ./Drivers/STM32F1xx_HAL_Driver/Src/stm32f1xx_hal_tim_ex.o
 .ARM.attributes
                0x0000000000000368       0x2d c:/st/stm32cubeide_1.7.0/stm32cubeide/plugins/com.st.stm32cube.ide.mcu.externaltools.gnu-tools-for-stm32.10.3-2021.10.win32_1.0.0.202111181127/tools/bin/../lib/gcc/arm-none-eabi/10.3.1/../../../../arm-none-eabi/lib/thumb/v7-m/nofp\libc_nano.a(lib_a-init.o)
 .ARM.attributes
                0x0000000000000395       0x2d c:/st/stm32cubeide_1.7.0/stm32cubeide/plugins/com.st.stm32cube.ide.mcu.externaltools.gnu-tools-for-stm32.10.3-2021.10.win32_1.0.0.202111181127/tools/bin/../lib/gcc/arm-none-eabi/10.3.1/../../../../arm-none-eabi/lib/thumb/v7-m/nofp\libc_nano.a(lib_a-memset.o)
 .ARM.attributes
                0x00000000000003c2       0x1d c:/st/stm32cubeide_1.7.0/stm32cubeide/plugins/com.st.stm32cube.ide.mcu.externaltools.gnu-tools-for-stm32.10.3-2021.10.win32_1.0.0.202111181127/tools/bin/../lib/gcc/arm-none-eabi/10.3.1/thumb/v7-m/nofp/crtn.o
OUTPUT(LAB3.elf elf32-littlearm)
LOAD linker stubs
LOAD c:/st/stm32cubeide_1.7.0/stm32cubeide/plugins/com.st.stm32cube.ide.mcu.externaltools.gnu-tools-for-stm32.10.3-2021.10.win32_1.0.0.202111181127/tools/bin/../lib/gcc/arm-none-eabi/10.3.1/../../../../arm-none-eabi/lib/thumb/v7-m/nofp\libc.a
LOAD c:/st/stm32cubeide_1.7.0/stm32cubeide/plugins/com.st.stm32cube.ide.mcu.externaltools.gnu-tools-for-stm32.10.3-2021.10.win32_1.0.0.202111181127/tools/bin/../lib/gcc/arm-none-eabi/10.3.1/../../../../arm-none-eabi/lib/thumb/v7-m/nofp\libm.a
LOAD c:/st/stm32cubeide_1.7.0/stm32cubeide/plugins/com.st.stm32cube.ide.mcu.externaltools.gnu-tools-for-stm32.10.3-2021.10.win32_1.0.0.202111181127/tools/bin/../lib/gcc/arm-none-eabi/10.3.1/thumb/v7-m/nofp\libgcc.a

.debug_info     0x0000000000000000     0x923e
 .debug_info    0x0000000000000000      0x295 ./Core/Src/4led_trafficlight.o
 .debug_info    0x0000000000000295      0x2eb ./Core/Src/7SEG_display.o
 .debug_info    0x0000000000000580      0x2d4 ./Core/Src/button.o
 .debug_info    0x0000000000000854      0x1ba ./Core/Src/fsm_4mode.o
 .debug_info    0x0000000000000a0e      0x287 ./Core/Src/global.o
 .debug_info    0x0000000000000c95      0xc1f ./Core/Src/main.o
 .debug_info    0x00000000000018b4      0x112 ./Core/Src/software_timer.o
 .debug_info    0x00000000000019c6      0x967 ./Core/Src/stm32f1xx_hal_msp.o
 .debug_info    0x000000000000232d      0x6ea ./Core/Src/stm32f1xx_it.o
 .debug_info    0x0000000000002a17      0x23d ./Core/Src/system_stm32f1xx.o
 .debug_info    0x0000000000002c54      0x64a ./Core/Src/timer.o
 .debug_info    0x000000000000329e       0x22 ./Core/Startup/startup_stm32f103c6ux.o
 .debug_info    0x00000000000032c0      0x716 ./Drivers/STM32F1xx_HAL_Driver/Src/stm32f1xx_hal.o
 .debug_info    0x00000000000039d6      0xb02 ./Drivers/STM32F1xx_HAL_Driver/Src/stm32f1xx_hal_cortex.o
 .debug_info    0x00000000000044d8      0x615 ./Drivers/STM32F1xx_HAL_Driver/Src/stm32f1xx_hal_gpio.o
 .debug_info    0x0000000000004aed      0x860 ./Drivers/STM32F1xx_HAL_Driver/Src/stm32f1xx_hal_rcc.o
 .debug_info    0x000000000000534d     0x29de ./Drivers/STM32F1xx_HAL_Driver/Src/stm32f1xx_hal_tim.o
 .debug_info    0x0000000000007d2b     0x1513 ./Drivers/STM32F1xx_HAL_Driver/Src/stm32f1xx_hal_tim_ex.o

.debug_abbrev   0x0000000000000000     0x1cdb
 .debug_abbrev  0x0000000000000000      0x122 ./Core/Src/4led_trafficlight.o
 .debug_abbrev  0x0000000000000122      0x1ba ./Core/Src/7SEG_display.o
 .debug_abbrev  0x00000000000002dc      0x15f ./Core/Src/button.o
 .debug_abbrev  0x000000000000043b       0xc8 ./Core/Src/fsm_4mode.o
 .debug_abbrev  0x0000000000000503       0xa1 ./Core/Src/global.o
 .debug_abbrev  0x00000000000005a4      0x27a ./Core/Src/main.o
 .debug_abbrev  0x000000000000081e       0xd3 ./Core/Src/software_timer.o
 .debug_abbrev  0x00000000000008f1      0x19f ./Core/Src/stm32f1xx_hal_msp.o
 .debug_abbrev  0x0000000000000a90      0x184 ./Core/Src/stm32f1xx_it.o
 .debug_abbrev  0x0000000000000c14      0x13b ./Core/Src/system_stm32f1xx.o
 .debug_abbrev  0x0000000000000d4f      0x16d ./Core/Src/timer.o
 .debug_abbrev  0x0000000000000ebc       0x12 ./Core/Startup/startup_stm32f103c6ux.o
 .debug_abbrev  0x0000000000000ece      0x1fb ./Drivers/STM32F1xx_HAL_Driver/Src/stm32f1xx_hal.o
 .debug_abbrev  0x00000000000010c9      0x2ed ./Drivers/STM32F1xx_HAL_Driver/Src/stm32f1xx_hal_cortex.o
 .debug_abbrev  0x00000000000013b6      0x1bb ./Drivers/STM32F1xx_HAL_Driver/Src/stm32f1xx_hal_gpio.o
 .debug_abbrev  0x0000000000001571      0x2a8 ./Drivers/STM32F1xx_HAL_Driver/Src/stm32f1xx_hal_rcc.o
 .debug_abbrev  0x0000000000001819      0x25d ./Drivers/STM32F1xx_HAL_Driver/Src/stm32f1xx_hal_tim.o
 .debug_abbrev  0x0000000000001a76      0x265 ./Drivers/STM32F1xx_HAL_Driver/Src/stm32f1xx_hal_tim_ex.o

.debug_aranges  0x0000000000000000      0xa80
 .debug_aranges
                0x0000000000000000       0x40 ./Core/Src/4led_trafficlight.o
 .debug_aranges
                0x0000000000000040       0x48 ./Core/Src/7SEG_display.o
 .debug_aranges
                0x0000000000000088       0x30 ./Core/Src/button.o
 .debug_aranges
                0x00000000000000b8       0x20 ./Core/Src/fsm_4mode.o
 .debug_aranges
                0x00000000000000d8       0x38 ./Core/Src/global.o
 .debug_aranges
                0x0000000000000110       0x40 ./Core/Src/main.o
 .debug_aranges
                0x0000000000000150       0x28 ./Core/Src/software_timer.o
 .debug_aranges
                0x0000000000000178       0x30 ./Core/Src/stm32f1xx_hal_msp.o
 .debug_aranges
                0x00000000000001a8       0x68 ./Core/Src/stm32f1xx_it.o
 .debug_aranges
                0x0000000000000210       0x28 ./Core/Src/system_stm32f1xx.o
 .debug_aranges
                0x0000000000000238       0x20 ./Core/Src/timer.o
 .debug_aranges
                0x0000000000000258       0x28 ./Core/Startup/startup_stm32f103c6ux.o
 .debug_aranges
                0x0000000000000280       0xe0 ./Drivers/STM32F1xx_HAL_Driver/Src/stm32f1xx_hal.o
 .debug_aranges
                0x0000000000000360      0x100 ./Drivers/STM32F1xx_HAL_Driver/Src/stm32f1xx_hal_cortex.o
 .debug_aranges
                0x0000000000000460       0x58 ./Drivers/STM32F1xx_HAL_Driver/Src/stm32f1xx_hal_gpio.o
 .debug_aranges
                0x00000000000004b8       0x90 ./Drivers/STM32F1xx_HAL_Driver/Src/stm32f1xx_hal_rcc.o
 .debug_aranges
                0x0000000000000548      0x3d0 ./Drivers/STM32F1xx_HAL_Driver/Src/stm32f1xx_hal_tim.o
 .debug_aranges
                0x0000000000000918      0x168 ./Drivers/STM32F1xx_HAL_Driver/Src/stm32f1xx_hal_tim_ex.o

.debug_ranges   0x0000000000000000      0x968
 .debug_ranges  0x0000000000000000       0x30 ./Core/Src/4led_trafficlight.o
 .debug_ranges  0x0000000000000030       0x38 ./Core/Src/7SEG_display.o
 .debug_ranges  0x0000000000000068       0x20 ./Core/Src/button.o
 .debug_ranges  0x0000000000000088       0x10 ./Core/Src/fsm_4mode.o
 .debug_ranges  0x0000000000000098       0x28 ./Core/Src/global.o
 .debug_ranges  0x00000000000000c0       0x30 ./Core/Src/main.o
 .debug_ranges  0x00000000000000f0       0x18 ./Core/Src/software_timer.o
 .debug_ranges  0x0000000000000108       0x20 ./Core/Src/stm32f1xx_hal_msp.o
 .debug_ranges  0x0000000000000128       0x58 ./Core/Src/stm32f1xx_it.o
 .debug_ranges  0x0000000000000180       0x18 ./Core/Src/system_stm32f1xx.o
 .debug_ranges  0x0000000000000198       0x10 ./Core/Src/timer.o
 .debug_ranges  0x00000000000001a8       0x20 ./Core/Startup/startup_stm32f103c6ux.o
 .debug_ranges  0x00000000000001c8       0xd0 ./Drivers/STM32F1xx_HAL_Driver/Src/stm32f1xx_hal.o
 .debug_ranges  0x0000000000000298       0xf0 ./Drivers/STM32F1xx_HAL_Driver/Src/stm32f1xx_hal_cortex.o
 .debug_ranges  0x0000000000000388       0x48 ./Drivers/STM32F1xx_HAL_Driver/Src/stm32f1xx_hal_gpio.o
 .debug_ranges  0x00000000000003d0       0x80 ./Drivers/STM32F1xx_HAL_Driver/Src/stm32f1xx_hal_rcc.o
 .debug_ranges  0x0000000000000450      0x3c0 ./Drivers/STM32F1xx_HAL_Driver/Src/stm32f1xx_hal_tim.o
 .debug_ranges  0x0000000000000810      0x158 ./Drivers/STM32F1xx_HAL_Driver/Src/stm32f1xx_hal_tim_ex.o

.debug_macro    0x0000000000000000    0x17014
 .debug_macro   0x0000000000000000      0x1fa ./Core/Src/4led_trafficlight.o
 .debug_macro   0x00000000000001fa      0xa6c ./Core/Src/4led_trafficlight.o
 .debug_macro   0x0000000000000c66      0x215 ./Core/Src/4led_trafficlight.o
 .debug_macro   0x0000000000000e7b       0x2e ./Core/Src/4led_trafficlight.o
 .debug_macro   0x0000000000000ea9       0x22 ./Core/Src/4led_trafficlight.o
 .debug_macro   0x0000000000000ecb       0x22 ./Core/Src/4led_trafficlight.o
 .debug_macro   0x0000000000000eed       0x8e ./Core/Src/4led_trafficlight.o
 .debug_macro   0x0000000000000f7b       0x51 ./Core/Src/4led_trafficlight.o
 .debug_macro   0x0000000000000fcc      0x103 ./Core/Src/4led_trafficlight.o
 .debug_macro   0x00000000000010cf       0x6a ./Core/Src/4led_trafficlight.o
 .debug_macro   0x0000000000001139      0x1df ./Core/Src/4led_trafficlight.o
 .debug_macro   0x0000000000001318       0x1c ./Core/Src/4led_trafficlight.o
 .debug_macro   0x0000000000001334       0x22 ./Core/Src/4led_trafficlight.o
 .debug_macro   0x0000000000001356       0xbd ./Core/Src/4led_trafficlight.o
 .debug_macro   0x0000000000001413      0xd23 ./Core/Src/4led_trafficlight.o
 .debug_macro   0x0000000000002136     0xde75 ./Core/Src/4led_trafficlight.o
 .debug_macro   0x000000000000ffab       0x6d ./Core/Src/4led_trafficlight.o
 .debug_macro   0x0000000000010018     0x3468 ./Core/Src/4led_trafficlight.o
 .debug_macro   0x0000000000013480      0x174 ./Core/Src/4led_trafficlight.o
 .debug_macro   0x00000000000135f4       0x5c ./Core/Src/4led_trafficlight.o
 .debug_macro   0x0000000000013650      0x5be ./Core/Src/4led_trafficlight.o
 .debug_macro   0x0000000000013c0e      0x1b7 ./Core/Src/4led_trafficlight.o
 .debug_macro   0x0000000000013dc5      0x1cb ./Core/Src/4led_trafficlight.o
 .debug_macro   0x0000000000013f90      0x114 ./Core/Src/4led_trafficlight.o
 .debug_macro   0x00000000000140a4      0x1b2 ./Core/Src/4led_trafficlight.o
 .debug_macro   0x0000000000014256       0x27 ./Core/Src/4led_trafficlight.o
 .debug_macro   0x000000000001427d      0x12f ./Core/Src/4led_trafficlight.o
 .debug_macro   0x00000000000143ac      0x1bc ./Core/Src/4led_trafficlight.o
 .debug_macro   0x0000000000014568       0x34 ./Core/Src/4led_trafficlight.o
 .debug_macro   0x000000000001459c       0x3c ./Core/Src/4led_trafficlight.o
 .debug_macro   0x00000000000145d8       0x57 ./Core/Src/4led_trafficlight.o
 .debug_macro   0x000000000001462f       0x88 ./Core/Src/4led_trafficlight.o
 .debug_macro   0x00000000000146b7      0x183 ./Core/Src/4led_trafficlight.o
 .debug_macro   0x000000000001483a      0x141 ./Core/Src/4led_trafficlight.o
 .debug_macro   0x000000000001497b      0x8d1 ./Core/Src/4led_trafficlight.o
 .debug_macro   0x000000000001524c       0x69 ./Core/Src/4led_trafficlight.o
 .debug_macro   0x00000000000152b5       0xf4 ./Core/Src/4led_trafficlight.o
 .debug_macro   0x00000000000153a9       0x2e ./Core/Src/4led_trafficlight.o
 .debug_macro   0x00000000000153d7      0x1fa ./Core/Src/7SEG_display.o
 .debug_macro   0x00000000000155d1      0x1bf ./Core/Src/button.o
 .debug_macro   0x0000000000015790      0x1f6 ./Core/Src/fsm_4mode.o
 .debug_macro   0x0000000000015986      0x1ca ./Core/Src/global.o
 .debug_macro   0x0000000000015b50      0x21a ./Core/Src/main.o
 .debug_macro   0x0000000000015d6a      0x1b7 ./Core/Src/software_timer.o
 .debug_macro   0x0000000000015f21      0x1a7 ./Core/Src/stm32f1xx_hal_msp.o
 .debug_macro   0x00000000000160c8      0x1b1 ./Core/Src/stm32f1xx_it.o
 .debug_macro   0x0000000000016279      0x198 ./Core/Src/system_stm32f1xx.o
 .debug_macro   0x0000000000016411      0x1d1 ./Core/Src/timer.o
 .debug_macro   0x00000000000165e2      0x1bc ./Drivers/STM32F1xx_HAL_Driver/Src/stm32f1xx_hal.o
 .debug_macro   0x000000000001679e      0x198 ./Drivers/STM32F1xx_HAL_Driver/Src/stm32f1xx_hal_cortex.o
 .debug_macro   0x0000000000016936      0x203 ./Drivers/STM32F1xx_HAL_Driver/Src/stm32f1xx_hal_gpio.o
 .debug_macro   0x0000000000016b39      0x1aa ./Drivers/STM32F1xx_HAL_Driver/Src/stm32f1xx_hal_rcc.o
 .debug_macro   0x0000000000016ce3      0x199 ./Drivers/STM32F1xx_HAL_Driver/Src/stm32f1xx_hal_tim.o
 .debug_macro   0x0000000000016e7c      0x198 ./Drivers/STM32F1xx_HAL_Driver/Src/stm32f1xx_hal_tim_ex.o

.debug_line     0x0000000000000000     0xc6d3
 .debug_line    0x0000000000000000      0x836 ./Core/Src/4led_trafficlight.o
 .debug_line    0x0000000000000836      0x830 ./Core/Src/7SEG_display.o
 .debug_line    0x0000000000001066      0x78c ./Core/Src/button.o
 .debug_line    0x00000000000017f2      0x8a4 ./Core/Src/fsm_4mode.o
 .debug_line    0x0000000000002096      0x714 ./Core/Src/global.o
 .debug_line    0x00000000000027aa      0x804 ./Core/Src/main.o
 .debug_line    0x0000000000002fae      0x6a7 ./Core/Src/software_timer.o
 .debug_line    0x0000000000003655      0x692 ./Core/Src/stm32f1xx_hal_msp.o
 .debug_line    0x0000000000003ce7      0x730 ./Core/Src/stm32f1xx_it.o
 .debug_line    0x0000000000004417      0x6d4 ./Core/Src/system_stm32f1xx.o
 .debug_line    0x0000000000004aeb      0x681 ./Core/Src/timer.o
 .debug_line    0x000000000000516c       0x87 ./Core/Startup/startup_stm32f103c6ux.o
 .debug_line    0x00000000000051f3      0x901 ./Drivers/STM32F1xx_HAL_Driver/Src/stm32f1xx_hal.o
 .debug_line    0x0000000000005af4      0xae9 ./Drivers/STM32F1xx_HAL_Driver/Src/stm32f1xx_hal_cortex.o
 .debug_line    0x00000000000065dd      0x983 ./Drivers/STM32F1xx_HAL_Driver/Src/stm32f1xx_hal_gpio.o
 .debug_line    0x0000000000006f60      0xd0f ./Drivers/STM32F1xx_HAL_Driver/Src/stm32f1xx_hal_rcc.o
 .debug_line    0x0000000000007c6f     0x326d ./Drivers/STM32F1xx_HAL_Driver/Src/stm32f1xx_hal_tim.o
 .debug_line    0x000000000000aedc     0x17f7 ./Drivers/STM32F1xx_HAL_Driver/Src/stm32f1xx_hal_tim_ex.o

.debug_str      0x0000000000000000    0x8218a
 .debug_str     0x0000000000000000    0x7f4c8 ./Core/Src/4led_trafficlight.o
                                      0x7f831 (size before relaxing)
 .debug_str     0x000000000007f4c8       0xd4 ./Core/Src/7SEG_display.o
                                      0x7f86a (size before relaxing)
 .debug_str     0x000000000007f59c      0x13d ./Core/Src/button.o
                                      0x7f7a1 (size before relaxing)
 .debug_str     0x000000000007f6d9       0x52 ./Core/Src/fsm_4mode.o
                                      0x7f7ee (size before relaxing)
 .debug_str     0x000000000007f72b       0x1b ./Core/Src/global.o
                                      0x7f79c (size before relaxing)
 .debug_str     0x000000000007f746      0x790 ./Core/Src/main.o
                                      0x7ffcf (size before relaxing)
 .debug_str     0x000000000007fed6       0x4a ./Core/Src/software_timer.o
                                      0x7f66b (size before relaxing)
 .debug_str     0x000000000007ff20      0x300 ./Core/Src/stm32f1xx_hal_msp.o
                                      0x7fe6c (size before relaxing)
 .debug_str     0x0000000000080220       0xec ./Core/Src/stm32f1xx_it.o
                                      0x7fba7 (size before relaxing)
 .debug_str     0x000000000008030c       0x7e ./Core/Src/system_stm32f1xx.o
                                      0x7f36f (size before relaxing)
 .debug_str     0x000000000008038a       0x37 ./Core/Src/timer.o
                                      0x7fb3f (size before relaxing)
 .debug_str     0x00000000000803c1       0x36 ./Core/Startup/startup_stm32f103c6ux.o
                                         0x6d (size before relaxing)
 .debug_str     0x00000000000803f7      0x38e ./Drivers/STM32F1xx_HAL_Driver/Src/stm32f1xx_hal.o
                                      0x7fa68 (size before relaxing)
 .debug_str     0x0000000000080785      0x294 ./Drivers/STM32F1xx_HAL_Driver/Src/stm32f1xx_hal_cortex.o
                                      0x7f9b4 (size before relaxing)
 .debug_str     0x0000000000080a19      0x2e5 ./Drivers/STM32F1xx_HAL_Driver/Src/stm32f1xx_hal_gpio.o
                                      0x7f6f5 (size before relaxing)
 .debug_str     0x0000000000080cfe      0x229 ./Drivers/STM32F1xx_HAL_Driver/Src/stm32f1xx_hal_rcc.o
                                      0x7f79e (size before relaxing)
 .debug_str     0x0000000000080f27      0xdd0 ./Drivers/STM32F1xx_HAL_Driver/Src/stm32f1xx_hal_tim.o
                                      0x80789 (size before relaxing)
 .debug_str     0x0000000000081cf7      0x493 ./Drivers/STM32F1xx_HAL_Driver/Src/stm32f1xx_hal_tim_ex.o
                                      0x7ffa5 (size before relaxing)

.comment        0x0000000000000000       0x50
 .comment       0x0000000000000000       0x50 ./Core/Src/4led_trafficlight.o
                                         0x51 (size before relaxing)
 .comment       0x0000000000000050       0x51 ./Core/Src/7SEG_display.o
 .comment       0x0000000000000050       0x51 ./Core/Src/button.o
 .comment       0x0000000000000050       0x51 ./Core/Src/fsm_4mode.o
 .comment       0x0000000000000050       0x51 ./Core/Src/global.o
 .comment       0x0000000000000050       0x51 ./Core/Src/main.o
 .comment       0x0000000000000050       0x51 ./Core/Src/software_timer.o
 .comment       0x0000000000000050       0x51 ./Core/Src/stm32f1xx_hal_msp.o
 .comment       0x0000000000000050       0x51 ./Core/Src/stm32f1xx_it.o
 .comment       0x0000000000000050       0x51 ./Core/Src/system_stm32f1xx.o
 .comment       0x0000000000000050       0x51 ./Core/Src/timer.o
 .comment       0x0000000000000050       0x51 ./Drivers/STM32F1xx_HAL_Driver/Src/stm32f1xx_hal.o
 .comment       0x0000000000000050       0x51 ./Drivers/STM32F1xx_HAL_Driver/Src/stm32f1xx_hal_cortex.o
 .comment       0x0000000000000050       0x51 ./Drivers/STM32F1xx_HAL_Driver/Src/stm32f1xx_hal_gpio.o
 .comment       0x0000000000000050       0x51 ./Drivers/STM32F1xx_HAL_Driver/Src/stm32f1xx_hal_rcc.o
 .comment       0x0000000000000050       0x51 ./Drivers/STM32F1xx_HAL_Driver/Src/stm32f1xx_hal_tim.o
 .comment       0x0000000000000050       0x51 ./Drivers/STM32F1xx_HAL_Driver/Src/stm32f1xx_hal_tim_ex.o

.debug_frame    0x0000000000000000     0x28f8
 .debug_frame   0x0000000000000000       0x9c ./Core/Src/4led_trafficlight.o
 .debug_frame   0x000000000000009c       0xdc ./Core/Src/7SEG_display.o
 .debug_frame   0x0000000000000178       0x88 ./Core/Src/button.o
 .debug_frame   0x0000000000000200       0x2c ./Core/Src/fsm_4mode.o
 .debug_frame   0x000000000000022c       0x90 ./Core/Src/global.o
 .debug_frame   0x00000000000002bc       0xb0 ./Core/Src/main.o
 .debug_frame   0x000000000000036c       0x60 ./Core/Src/software_timer.o
 .debug_frame   0x00000000000003cc       0x80 ./Core/Src/stm32f1xx_hal_msp.o
 .debug_frame   0x000000000000044c      0x120 ./Core/Src/stm32f1xx_it.o
 .debug_frame   0x000000000000056c       0x58 ./Core/Src/system_stm32f1xx.o
 .debug_frame   0x00000000000005c4       0x34 ./Core/Src/timer.o
 .debug_frame   0x00000000000005f8      0x334 ./Drivers/STM32F1xx_HAL_Driver/Src/stm32f1xx_hal.o
 .debug_frame   0x000000000000092c      0x428 ./Drivers/STM32F1xx_HAL_Driver/Src/stm32f1xx_hal_cortex.o
 .debug_frame   0x0000000000000d54      0x14c ./Drivers/STM32F1xx_HAL_Driver/Src/stm32f1xx_hal_gpio.o
 .debug_frame   0x0000000000000ea0      0x21c ./Drivers/STM32F1xx_HAL_Driver/Src/stm32f1xx_hal_rcc.o
 .debug_frame   0x00000000000010bc     0x11b8 ./Drivers/STM32F1xx_HAL_Driver/Src/stm32f1xx_hal_tim.o
 .debug_frame   0x0000000000002274      0x638 ./Drivers/STM32F1xx_HAL_Driver/Src/stm32f1xx_hal_tim_ex.o
 .debug_frame   0x00000000000028ac       0x2c c:/st/stm32cubeide_1.7.0/stm32cubeide/plugins/com.st.stm32cube.ide.mcu.externaltools.gnu-tools-for-stm32.10.3-2021.10.win32_1.0.0.202111181127/tools/bin/../lib/gcc/arm-none-eabi/10.3.1/../../../../arm-none-eabi/lib/thumb/v7-m/nofp\libc_nano.a(lib_a-init.o)
 .debug_frame   0x00000000000028d8       0x20 c:/st/stm32cubeide_1.7.0/stm32cubeide/plugins/com.st.stm32cube.ide.mcu.externaltools.gnu-tools-for-stm32.10.3-2021.10.win32_1.0.0.202111181127/tools/bin/../lib/gcc/arm-none-eabi/10.3.1/../../../../arm-none-eabi/lib/thumb/v7-m/nofp\libc_nano.a(lib_a-memset.o)
