../Core/Inc/trafic_light1.h:11:6:LED_RED1	8	static
../Core/Inc/trafic_light1.h:17:6:LED_YELLOW1	8	static
../Core/Inc/trafic_light1.h:23:6:LED_GREEN1	8	static
../Core/Inc/trafic_light2.h:11:6:LED_RED2	8	static
../Core/Inc/trafic_light2.h:17:6:LED_YELLOW2	8	static
../Core/Inc/trafic_light2.h:23:6:LED_GREEN2	8	static
../Core/Inc/display7SEG.h:14:6:Led_Status	16	static
../Core/Inc/display7SEG.h:24:6:display7SEG	336	static
../Core/Src/main.c:66:5:main	24	static
../Core/Src/main.c:148:6:SystemClock_Config	72	static
../Core/Src/main.c:184:13:MX_GPIO_Init	32	static
../Core/Src/main.c:228:6:Error_Handler	4	static,ignoring_inline_asm
