../Core/Src/main.c:68:6:HAL_UART_RxCpltCallback	16	static
../Core/Src/main.c:80:5:main	8	static
../Core/Src/main.c:129:6:SystemClock_Config	88	static
../Core/Src/main.c:173:13:MX_ADC2_Init	24	static
../Core/Src/main.c:220:13:MX_TIM2_Init	32	static
../Core/Src/main.c:265:13:MX_TIM3_Init	48	static
../Core/Src/main.c:314:13:MX_USART2_UART_Init	8	static
../Core/Src/main.c:347:13:MX_GPIO_Init	40	static
../Core/Src/main.c:388:6:HAL_TIM_PeriodElapsedCallback	16	static
../Core/Src/main.c:398:6:Error_Handler	4	static,ignoring_inline_asm
