../Core/Inc/display7SEG1.h:14:6:Led_Status1	16	static
../Core/Inc/display7SEG1.h:24:6:display7SEG1	48	static
../Core/Inc/display7SEG2.h:11:6:Led_Status2	16	static
../Core/Inc/display7SEG2.h:21:6:display7SEG2	48	static
../Core/Inc/display7SEG.h:14:6:display7SEG	16	static
../Core/Inc/AnalogWatch.h:12:6:setClockStatus	16	static
../Core/Inc/AnalogWatch.h:28:6:clearAllClock	8	static
../Core/Inc/AnalogWatch.h:34:6:setNumberOnClock	0	static
../Core/Inc/AnalogWatch.h:40:6:clearNumberOnClock	0	static
../Core/Inc/AnalogWatch.h:46:5:setTime	16	static
../Core/Src/main.c:124:6:SystemClock_Config	72	static,ignoring_inline_asm
../Core/Src/main.c:65:5:main	40	static
../Core/Src/main.c:213:6:Error_Handler	0	static,ignoring_inline_asm
