stm32f1xx_hal_rcc.c:202:19:HAL_RCC_DeInit	16	static
stm32f1xx_hal_rcc.c:337:19:HAL_RCC_OscConfig	32	static
stm32f1xx_hal_rcc.c:755:19:HAL_RCC_ClockConfig	24	static
stm32f1xx_hal_rcc.c:939:6:HAL_RCC_MCOConfig	48	static
stm32f1xx_hal_rcc.c:976:6:HAL_RCC_EnableCSS	4	static
stm32f1xx_hal_rcc.c:984:6:HAL_RCC_DisableCSS	4	static
stm32f1xx_hal_rcc.c:1017:10:HAL_RCC_GetSysClockFreq	48	static
stm32f1xx_hal_rcc.c:1109:10:HAL_RCC_GetHCLKFreq	4	static
stm32f1xx_hal_rcc.c:1119:10:HAL_RCC_GetPCLK1Freq	8	static
stm32f1xx_hal_rcc.c:1131:10:HAL_RCC_GetPCLK2Freq	8	static
stm32f1xx_hal_rcc.c:1144:6:HAL_RCC_GetOscConfig	16	static
stm32f1xx_hal_rcc.c:1224:6:HAL_RCC_GetClockConfig	16	static
stm32f1xx_hal_rcc.c:1261:6:HAL_RCC_NMI_IRQHandler	8	static
stm32f1xx_hal_rcc.c:1277:13:RCC_Delay	24	static,ignoring_inline_asm
stm32f1xx_hal_rcc.c:1289:13:HAL_RCC_CSSCallback	4	static
