stm32f1xx_hal_pwr.c:116:13:PWR_OverloadWfe	4	static,ignoring_inline_asm
stm32f1xx_hal_pwr.c:153:6:HAL_PWR_DeInit	4	static
stm32f1xx_hal_pwr.c:165:6:HAL_PWR_EnableBkUpAccess	4	static
stm32f1xx_hal_pwr.c:177:6:HAL_PWR_DisableBkUpAccess	4	static
stm32f1xx_hal_pwr.c:310:6:HAL_PWR_ConfigPVD	16	static
stm32f1xx_hal_pwr.c:348:6:HAL_PWR_EnablePVD	4	static
stm32f1xx_hal_pwr.c:357:6:HAL_PWR_DisablePVD	4	static
stm32f1xx_hal_pwr.c:369:6:HAL_PWR_EnableWakeUpPin	24	static,ignoring_inline_asm
stm32f1xx_hal_pwr.c:383:6:HAL_PWR_DisableWakeUpPin	24	static,ignoring_inline_asm
stm32f1xx_hal_pwr.c:402:6:HAL_PWR_EnterSLEEPMode	16	static,ignoring_inline_asm
stm32f1xx_hal_pwr.c:444:6:HAL_PWR_EnterSTOPMode	16	static,ignoring_inline_asm
stm32f1xx_hal_pwr.c:480:6:HAL_PWR_EnterSTANDBYMode	4	static,ignoring_inline_asm
stm32f1xx_hal_pwr.c:503:6:HAL_PWR_EnableSleepOnExit	4	static
stm32f1xx_hal_pwr.c:514:6:HAL_PWR_DisableSleepOnExit	4	static
stm32f1xx_hal_pwr.c:525:6:HAL_PWR_EnableSEVOnPend	4	static
stm32f1xx_hal_pwr.c:536:6:HAL_PWR_DisableSEVOnPend	4	static
stm32f1xx_hal_pwr.c:546:6:HAL_PWR_PVD_IRQHandler	8	static
stm32f1xx_hal_pwr.c:561:13:HAL_PWR_PVDCallback	4	static
