Archive member included to satisfy reference by file (symbol)

c:/st/stm32cubeide_1.7.0/stm32cubeide/plugins/com.st.stm32cube.ide.mcu.externaltools.gnu-tools-for-stm32.10.3-2021.10.win32_1.0.0.202111181127/tools/bin/../lib/gcc/arm-none-eabi/10.3.1/../../../../arm-none-eabi/lib/thumb/v7-m/nofp\libc_nano.a(lib_a-errno.o)
                              ./Core/Src/syscalls.o (__errno)
c:/st/stm32cubeide_1.7.0/stm32cubeide/plugins/com.st.stm32cube.ide.mcu.externaltools.gnu-tools-for-stm32.10.3-2021.10.win32_1.0.0.202111181127/tools/bin/../lib/gcc/arm-none-eabi/10.3.1/../../../../arm-none-eabi/lib/thumb/v7-m/nofp\libc_nano.a(lib_a-exit.o)
                              c:/st/stm32cubeide_1.7.0/stm32cubeide/plugins/com.st.stm32cube.ide.mcu.externaltools.gnu-tools-for-stm32.10.3-2021.10.win32_1.0.0.202111181127/tools/bin/../lib/gcc/arm-none-eabi/10.3.1/../../../../arm-none-eabi/lib/thumb/v7-m/nofp/crt0.o (exit)
c:/st/stm32cubeide_1.7.0/stm32cubeide/plugins/com.st.stm32cube.ide.mcu.externaltools.gnu-tools-for-stm32.10.3-2021.10.win32_1.0.0.202111181127/tools/bin/../lib/gcc/arm-none-eabi/10.3.1/../../../../arm-none-eabi/lib/thumb/v7-m/nofp\libc_nano.a(lib_a-impure.o)
                              c:/st/stm32cubeide_1.7.0/stm32cubeide/plugins/com.st.stm32cube.ide.mcu.externaltools.gnu-tools-for-stm32.10.3-2021.10.win32_1.0.0.202111181127/tools/bin/../lib/gcc/arm-none-eabi/10.3.1/../../../../arm-none-eabi/lib/thumb/v7-m/nofp\libc_nano.a(lib_a-exit.o) (_global_impure_ptr)
c:/st/stm32cubeide_1.7.0/stm32cubeide/plugins/com.st.stm32cube.ide.mcu.externaltools.gnu-tools-for-stm32.10.3-2021.10.win32_1.0.0.202111181127/tools/bin/../lib/gcc/arm-none-eabi/10.3.1/../../../../arm-none-eabi/lib/thumb/v7-m/nofp\libc_nano.a(lib_a-init.o)
                              c:/st/stm32cubeide_1.7.0/stm32cubeide/plugins/com.st.stm32cube.ide.mcu.externaltools.gnu-tools-for-stm32.10.3-2021.10.win32_1.0.0.202111181127/tools/bin/../lib/gcc/arm-none-eabi/10.3.1/../../../../arm-none-eabi/lib/thumb/v7-m/nofp/crt0.o (__libc_init_array)
c:/st/stm32cubeide_1.7.0/stm32cubeide/plugins/com.st.stm32cube.ide.mcu.externaltools.gnu-tools-for-stm32.10.3-2021.10.win32_1.0.0.202111181127/tools/bin/../lib/gcc/arm-none-eabi/10.3.1/../../../../arm-none-eabi/lib/thumb/v7-m/nofp\libc_nano.a(lib_a-memset.o)
                              c:/st/stm32cubeide_1.7.0/stm32cubeide/plugins/com.st.stm32cube.ide.mcu.externaltools.gnu-tools-for-stm32.10.3-2021.10.win32_1.0.0.202111181127/tools/bin/../lib/gcc/arm-none-eabi/10.3.1/../../../../arm-none-eabi/lib/thumb/v7-m/nofp/crt0.o (memset)

Discarded input sections

 .text          0x0000000000000000        0x0 c:/st/stm32cubeide_1.7.0/stm32cubeide/plugins/com.st.stm32cube.ide.mcu.externaltools.gnu-tools-for-stm32.10.3-2021.10.win32_1.0.0.202111181127/tools/bin/../lib/gcc/arm-none-eabi/10.3.1/thumb/v7-m/nofp/crti.o
 .data          0x0000000000000000        0x0 c:/st/stm32cubeide_1.7.0/stm32cubeide/plugins/com.st.stm32cube.ide.mcu.externaltools.gnu-tools-for-stm32.10.3-2021.10.win32_1.0.0.202111181127/tools/bin/../lib/gcc/arm-none-eabi/10.3.1/thumb/v7-m/nofp/crti.o
 .bss           0x0000000000000000        0x0 c:/st/stm32cubeide_1.7.0/stm32cubeide/plugins/com.st.stm32cube.ide.mcu.externaltools.gnu-tools-for-stm32.10.3-2021.10.win32_1.0.0.202111181127/tools/bin/../lib/gcc/arm-none-eabi/10.3.1/thumb/v7-m/nofp/crti.o
 .data          0x0000000000000000        0x4 c:/st/stm32cubeide_1.7.0/stm32cubeide/plugins/com.st.stm32cube.ide.mcu.externaltools.gnu-tools-for-stm32.10.3-2021.10.win32_1.0.0.202111181127/tools/bin/../lib/gcc/arm-none-eabi/10.3.1/thumb/v7-m/nofp/crtbegin.o
 .rodata        0x0000000000000000       0x24 c:/st/stm32cubeide_1.7.0/stm32cubeide/plugins/com.st.stm32cube.ide.mcu.externaltools.gnu-tools-for-stm32.10.3-2021.10.win32_1.0.0.202111181127/tools/bin/../lib/gcc/arm-none-eabi/10.3.1/thumb/v7-m/nofp/crtbegin.o
 .text          0x0000000000000000       0x7c c:/st/stm32cubeide_1.7.0/stm32cubeide/plugins/com.st.stm32cube.ide.mcu.externaltools.gnu-tools-for-stm32.10.3-2021.10.win32_1.0.0.202111181127/tools/bin/../lib/gcc/arm-none-eabi/10.3.1/../../../../arm-none-eabi/lib/thumb/v7-m/nofp/crt0.o
 .data          0x0000000000000000        0x0 c:/st/stm32cubeide_1.7.0/stm32cubeide/plugins/com.st.stm32cube.ide.mcu.externaltools.gnu-tools-for-stm32.10.3-2021.10.win32_1.0.0.202111181127/tools/bin/../lib/gcc/arm-none-eabi/10.3.1/../../../../arm-none-eabi/lib/thumb/v7-m/nofp/crt0.o
 .bss           0x0000000000000000        0x0 c:/st/stm32cubeide_1.7.0/stm32cubeide/plugins/com.st.stm32cube.ide.mcu.externaltools.gnu-tools-for-stm32.10.3-2021.10.win32_1.0.0.202111181127/tools/bin/../lib/gcc/arm-none-eabi/10.3.1/../../../../arm-none-eabi/lib/thumb/v7-m/nofp/crt0.o
[...]
Memory Configuration

Name             Origin             Length             Attributes
RAM              0x0000000020000000 0x0000000000002800 xrw
FLASH            0x0000000008000000 0x0000000000008000 xr
*default*        0x0000000000000000 0xffffffffffffffff

Linker script and memory map

LOAD c:/st/stm32cubeide_1.7.0/stm32cubeide/plugins/com.st.stm32cube.ide.mcu.externaltools.gnu-tools-for-stm32.10.3-2021.10.win32_1.0.0.202111181127/tools/bin/../lib/gcc/arm-none-eabi/10.3.1/thumb/v7-m/nofp/crti.o
LOAD c:/st/stm32cubeide_1.7.0/stm32cubeide/plugins/com.st.stm32cube.ide.mcu.externaltools.gnu-tools-for-stm32.10.3-2021.10.win32_1.0.0.202111181127/tools/bin/../lib/gcc/arm-none-eabi/10.3.1/thumb/v7-m/nofp/crtbegin.o
LOAD c:/st/stm32cubeide_1.7.0/stm32cubeide/plugins/com.st.stm32cube.ide.mcu.externaltools.gnu-tools-for-stm32.10.3-2021.10.win32_1.0.0.202111181127/tools/bin/../lib/gcc/arm-none-eabi/10.3.1/../../../../arm-none-eabi/lib/thumb/v7-m/nofp/crt0.o
LOAD ./Core/Src/display.o
LOAD ./Core/Src/display7SEG.o
LOAD ./Core/Src/fsm_automatic.o
LOAD ./Core/Src/global.o
LOAD ./Core/Src/input_processing.o
LOAD ./Core/Src/input_reading.o
LOAD ./Core/Src/main.o
LOAD ./Core/Src/software_timer.o
LOAD ./Core/Src/stm32f1xx_hal_msp.o
LOAD ./Core/Src/stm32f1xx_it.o
LOAD ./Core/Src/syscalls.o
LOAD ./Core/Src/sysmem.o
LOAD ./Core/Src/system_stm32f1xx.o
LOAD ./Core/Src/timer.o
LOAD ./Core/Startup/startup_stm32f103c6ux.o
LOAD ./Drivers/STM32F1xx_HAL_Driver/Src/stm32f1xx_hal.o
LOAD ./Drivers/STM32F1xx_HAL_Driver/Src/stm32f1xx_hal_cortex.o
LOAD ./Drivers/STM32F1xx_HAL_Driver/Src/stm32f1xx_hal_dma.o
LOAD ./Drivers/STM32F1xx_HAL_Driver/Src/stm32f1xx_hal_exti.o
LOAD ./Drivers/STM32F1xx_HAL_Driver/Src/stm32f1xx_hal_flash.o
LOAD ./Drivers/STM32F1xx_HAL_Driver/Src/stm32f1xx_hal_flash_ex.o
LOAD ./Drivers/STM32F1xx_HAL_Driver/Src/stm32f1xx_hal_gpio.o
LOAD ./Drivers/STM32F1xx_HAL_Driver/Src/stm32f1xx_hal_gpio_ex.o
LOAD ./Drivers/STM32F1xx_HAL_Driver/Src/stm32f1xx_hal_pwr.o
LOAD ./Drivers/STM32F1xx_HAL_Driver/Src/stm32f1xx_hal_rcc.o
LOAD ./Drivers/STM32F1xx_HAL_Driver/Src/stm32f1xx_hal_rcc_ex.o
LOAD ./Drivers/STM32F1xx_HAL_Driver/Src/stm32f1xx_hal_tim.o
LOAD ./Drivers/STM32F1xx_HAL_Driver/Src/stm32f1xx_hal_tim_ex.o
START GROUP
LOAD c:/st/stm32cubeide_1.7.0/stm32cubeide/plugins/com.st.stm32cube.ide.mcu.externaltools.gnu-tools-for-stm32.10.3-2021.10.win32_1.0.0.202111181127/tools/bin/../lib/gcc/arm-none-eabi/10.3.1/../../../../arm-none-eabi/lib/thumb/v7-m/nofp\libc_nano.a
LOAD c:/st/stm32cubeide_1.7.0/stm32cubeide/plugins/com.st.stm32cube.ide.mcu.externaltools.gnu-tools-for-stm32.10.3-2021.10.win32_1.0.0.202111181127/tools/bin/../lib/gcc/arm-none-eabi/10.3.1/../../../../arm-none-eabi/lib/thumb/v7-m/nofp\libm.a
END GROUP
START GROUP
LOAD c:/st/stm32cubeide_1.7.0/stm32cubeide/plugins/com.st.stm32cube.ide.mcu.externaltools.gnu-tools-for-stm32.10.3-2021.10.win32_1.0.0.202111181127/tools/bin/../lib/gcc/arm-none-eabi/10.3.1/thumb/v7-m/nofp\libgcc.a
LOAD c:/st/stm32cubeide_1.7.0/stm32cubeide/plugins/com.st.stm32cube.ide.mcu.externaltools.gnu-tools-for-stm32.10.3-2021.10.win32_1.0.0.202111181127/tools/bin/../lib/gcc/arm-none-eabi/10.3.1/../../../../arm-none-eabi/lib/thumb/v7-m/nofp\libc_nano.a
END GROUP
START GROUP
LOAD c:/st/stm32cubeide_1.7.0/stm32cubeide/plugins/com.st.stm32cube.ide.mcu.externaltools.gnu-tools-for-stm32.10.3-2021.10.win32_1.0.0.202111181127/tools/bin/../lib/gcc/arm-none-eabi/10.3.1/thumb/v7-m/nofp\libgcc.a
LOAD c:/st/stm32cubeide_1.7.0/stm32cubeide/plugins/com.st.stm32cube.ide.mcu.externaltools.gnu-tools-for-stm32.10.3-2021.10.win32_1.0.0.202111181127/tools/bin/../lib/gcc/arm-none-eabi/10.3.1/../../../../arm-none-eabi/lib/thumb/v7-m/nofp\libc_nano.a
LOAD c:/st/stm32cubeide_1.7.0/stm32cubeide/plugins/com.st.stm32cube.ide.mcu.externaltools.gnu-tools-for-stm32.10.3-2021.10.win32_1.0.0.202111181127/tools/bin/../lib/gcc/arm-none-eabi/10.3.1/../../../../arm-none-eabi/lib/thumb/v7-m/nofp\libnosys.a
END GROUP
START GROUP
LOAD c:/st/stm32cubeide_1.7.0/stm32cubeide/plugins/com.st.stm32cube.ide.mcu.externaltools.gnu-tools-for-stm32.10.3-2021.10.win32_1.0.0.202111181127/tools/bin/../lib/gcc/arm-none-eabi/10.3.1/thumb/v7-m/nofp\libgcc.a
LOAD c:/st/stm32cubeide_1.7.0/stm32cubeide/plugins/com.st.stm32cube.ide.mcu.externaltools.gnu-tools-for-stm32.10.3-2021.10.win32_1.0.0.202111181127/tools/bin/../lib/gcc/arm-none-eabi/10.3.1/../../../../arm-none-eabi/lib/thumb/v7-m/nofp\libc_nano.a
LOAD c:/st/stm32cubeide_1.7.0/stm32cubeide/plugins/com.st.stm32cube.ide.mcu.externaltools.gnu-tools-for-stm32.10.3-2021.10.win32_1.0.0.202111181127/tools/bin/../lib/gcc/arm-none-eabi/10.3.1/../../../../arm-none-eabi/lib/thumb/v7-m/nofp\libnosys.a
END GROUP
LOAD c:/st/stm32cubeide_1.7.0/stm32cubeide/plugins/com.st.stm32cube.ide.mcu.externaltools.gnu-tools-for-stm32.10.3-2021.10.win32_1.0.0.202111181127/tools/bin/../lib/gcc/arm-none-eabi/10.3.1/thumb/v7-m/nofp/crtend.o
LOAD c:/st/stm32cubeide_1.7.0/stm32cubeide/plugins/com.st.stm32cube.ide.mcu.externaltools.gnu-tools-for-stm32.10.3-2021.10.win32_1.0.0.202111181127/tools/bin/../lib/gcc/arm-none-eabi/10.3.1/thumb/v7-m/nofp/crtn.o
                0x0000000020002800                _estack = (ORIGIN (RAM) + LENGTH (RAM))
                0x0000000000000200                _Min_Heap_Size = 0x200
                0x0000000000000400                _Min_Stack_Size = 0x400

.isr_vector     0x0000000008000000      0x10c
                0x0000000008000000                . = ALIGN (0x4)
 *(.isr_vector)
 .isr_vector    0x0000000008000000      0x10c ./Core/Startup/startup_stm32f103c6ux.o
                0x0000000008000000                g_pfnVectors
                0x000000000800010c                . = ALIGN (0x4)

.text           0x000000000800010c     0x28a8
                0x000000000800010c                . = ALIGN (0x4)
 *(.text)
 .text          0x000000000800010c       0x40 c:/st/stm32cubeide_1.7.0/stm32cubeide/plugins/com.st.stm32cube.ide.mcu.externaltools.gnu-tools-for-stm32.10.3-2021.10.win32_1.0.0.202111181127/tools/bin/../lib/gcc/arm-none-eabi/10.3.1/thumb/v7-m/nofp/crtbegin.o
 *(.text*)
 .text.toggleLED
                0x000000000800014c       0x2c ./Core/Src/display.o
                0x000000000800014c                toggleLED
 .text.trafficDisplay1
                0x0000000008000178       0xb0 ./Core/Src/display.o
                0x0000000008000178                trafficDisplay1
 .text.trafficDisplay2
                0x0000000008000228       0xb0 ./Core/Src/display.o
                0x0000000008000228                trafficDisplay2
 .text.trafficToggle
                0x00000000080002d8       0xcc ./Core/Src/display.o
                0x00000000080002d8                trafficToggle
 .text.Led_Status
                0x00000000080003a4       0xa0 ./Core/Src/display7SEG.o
                0x00000000080003a4                Led_Status
 .text.display7SEG
                0x0000000008000444      0x27c ./Core/Src/display7SEG.o
                0x0000000008000444                display7SEG
 .text.update7SEG
                0x00000000080006c0      0x11c ./Core/Src/display7SEG.o
                0x00000000080006c0                update7SEG
 .text.updateSEGBuffer
                0x00000000080007dc       0x64 ./Core/Src/display7SEG.o
                0x00000000080007dc                updateSEGBuffer
 .text.reset7SEG
                0x0000000008000840       0x2c ./Core/Src/display7SEG.o
                0x0000000008000840                reset7SEG
 .text.fsm_automatic_reset
                0x000000000800086c       0x88 ./Core/Src/fsm_automatic.o
                0x000000000800086c                fsm_automatic_reset
 .text.fsm_automatic_run
                0x00000000080008f4      0x1fc ./Core/Src/fsm_automatic.o
                0x00000000080008f4                fsm_automatic_run
 .text.fsm_manual
                0x0000000008000af0      0x120 ./Core/Src/fsm_automatic.o
                0x0000000008000af0                fsm_manual
 .text.InitTimerSet
                0x0000000008000c10       0x30 ./Core/Src/global.o
                0x0000000008000c10                InitTimerSet
 .text.fsm_for_input_processing
                0x0000000008000c40      0x194 ./Core/Src/input_processing.o
                0x0000000008000c40                fsm_for_input_processing
 .text.button_reading
                0x0000000008000dd4       0xf8 ./Core/Src/input_reading.o
                0x0000000008000dd4                button_reading
 .text.is_button_pressed
                0x0000000008000ecc       0x34 ./Core/Src/input_reading.o
                0x0000000008000ecc                is_button_pressed
 .text.is_button_pressed_1s
                0x0000000008000f00       0x34 ./Core/Src/input_reading.o
                0x0000000008000f00                is_button_pressed_1s
 .text.main     0x0000000008000f34       0x2c ./Core/Src/main.o
                0x0000000008000f34                main
 .text.SystemClock_Config
                0x0000000008000f60       0x76 ./Core/Src/main.o
                0x0000000008000f60                SystemClock_Config
 *fill*         0x0000000008000fd6        0x2 
 .text.MX_TIM2_Init
                0x0000000008000fd8       0x98 ./Core/Src/main.o
 .text.MX_GPIO_Init
                0x0000000008001070       0xc4 ./Core/Src/main.o
 .text.Error_Handler
                0x0000000008001134        0xa ./Core/Src/main.o
                0x0000000008001134                Error_Handler
 *fill*         0x000000000800113e        0x2 
 .text.setTimer
                0x0000000008001140       0x38 ./Core/Src/software_timer.o
                0x0000000008001140                setTimer
 .text.timerRun
                0x0000000008001178       0x60 ./Core/Src/software_timer.o
                0x0000000008001178                timerRun
 .text.HAL_MspInit
                0x00000000080011d8       0x44 ./Core/Src/stm32f1xx_hal_msp.o
                0x00000000080011d8                HAL_MspInit
 .text.HAL_TIM_Base_MspInit
                0x000000000800121c       0x48 ./Core/Src/stm32f1xx_hal_msp.o
                0x000000000800121c                HAL_TIM_Base_MspInit
 .text.NMI_Handler
                0x0000000008001264        0x6 ./Core/Src/stm32f1xx_it.o
                0x0000000008001264                NMI_Handler
 .text.HardFault_Handler
                0x000000000800126a        0x6 ./Core/Src/stm32f1xx_it.o
                0x000000000800126a                HardFault_Handler
 .text.MemManage_Handler
                0x0000000008001270        0x6 ./Core/Src/stm32f1xx_it.o
                0x0000000008001270                MemManage_Handler
 .text.BusFault_Handler
                0x0000000008001276        0x6 ./Core/Src/stm32f1xx_it.o
                0x0000000008001276                BusFault_Handler
 .text.UsageFault_Handler
                0x000000000800127c        0x6 ./Core/Src/stm32f1xx_it.o
                0x000000000800127c                UsageFault_Handler
 .text.SVC_Handler
                0x0000000008001282        0xc ./Core/Src/stm32f1xx_it.o
                0x0000000008001282                SVC_Handler
 .text.DebugMon_Handler
                0x000000000800128e        0xc ./Core/Src/stm32f1xx_it.o
                0x000000000800128e                DebugMon_Handler
 .text.PendSV_Handler
                0x000000000800129a        0xc ./Core/Src/stm32f1xx_it.o
                0x000000000800129a                PendSV_Handler
 .text.SysTick_Handler
                0x00000000080012a6        0xc ./Core/Src/stm32f1xx_it.o
                0x00000000080012a6                SysTick_Handler
 *fill*         0x00000000080012b2        0x2 
 .text.TIM2_IRQHandler
                0x00000000080012b4       0x14 ./Core/Src/stm32f1xx_it.o
                0x00000000080012b4                TIM2_IRQHandler
 .text.SystemInit
                0x00000000080012c8        0xc ./Core/Src/system_stm32f1xx.o
                0x00000000080012c8                SystemInit
 .text.HAL_TIM_PeriodElapsedCallback
                0x00000000080012d4       0x22 ./Core/Src/timer.o
                0x00000000080012d4                HAL_TIM_PeriodElapsedCallback
 *fill*         0x00000000080012f6        0x2 
 .text.Reset_Handler
                0x00000000080012f8       0x48 ./Core/Startup/startup_stm32f103c6ux.o
                0x00000000080012f8                Reset_Handler
 .text.Default_Handler
                0x0000000008001340        0x2 ./Core/Startup/startup_stm32f103c6ux.o
                0x0000000008001340                RTC_Alarm_IRQHandler
                0x0000000008001340                EXTI2_IRQHandler
                0x0000000008001340                TIM1_CC_IRQHandler
                0x0000000008001340                PVD_IRQHandler
                0x0000000008001340                EXTI3_IRQHandler
                0x0000000008001340                EXTI0_IRQHandler
                0x0000000008001340                ADC1_2_IRQHandler
                0x0000000008001340                SPI1_IRQHandler
                0x0000000008001340                TAMPER_IRQHandler
                0x0000000008001340                DMA1_Channel4_IRQHandler
                0x0000000008001340                RTC_IRQHandler
                0x0000000008001340                DMA1_Channel7_IRQHandler
                0x0000000008001340                CAN1_RX1_IRQHandler
                0x0000000008001340                I2C1_EV_IRQHandler
                0x0000000008001340                DMA1_Channel6_IRQHandler
                0x0000000008001340                TIM3_IRQHandler
                0x0000000008001340                RCC_IRQHandler
                0x0000000008001340                TIM1_TRG_COM_IRQHandler
                0x0000000008001340                DMA1_Channel1_IRQHandler
                0x0000000008001340                Default_Handler
                0x0000000008001340                EXTI15_10_IRQHandler
                0x0000000008001340                EXTI9_5_IRQHandler
                0x0000000008001340                DMA1_Channel5_IRQHandler
                0x0000000008001340                EXTI4_IRQHandler
                0x0000000008001340                USB_LP_CAN1_RX0_IRQHandler
                0x0000000008001340                USB_HP_CAN1_TX_IRQHandler
                0x0000000008001340                DMA1_Channel3_IRQHandler
                0x0000000008001340                TIM1_UP_IRQHandler
                0x0000000008001340                WWDG_IRQHandler
                0x0000000008001340                TIM1_BRK_IRQHandler
                0x0000000008001340                EXTI1_IRQHandler
                0x0000000008001340                USART2_IRQHandler
                0x0000000008001340                DMA1_Channel2_IRQHandler
                0x0000000008001340                CAN1_SCE_IRQHandler
                0x0000000008001340                FLASH_IRQHandler
                0x0000000008001340                USART1_IRQHandler
                0x0000000008001340                I2C1_ER_IRQHandler
                0x0000000008001340                USBWakeUp_IRQHandler
 *fill*         0x0000000008001342        0x2 
 .text.HAL_Init
                0x0000000008001344       0x2c ./Drivers/STM32F1xx_HAL_Driver/Src/stm32f1xx_hal.o
                0x0000000008001344                HAL_Init
 .text.HAL_InitTick
                0x0000000008001370       0x60 ./Drivers/STM32F1xx_HAL_Driver/Src/stm32f1xx_hal.o
                0x0000000008001370                HAL_InitTick
 .text.HAL_IncTick
                0x00000000080013d0       0x24 ./Drivers/STM32F1xx_HAL_Driver/Src/stm32f1xx_hal.o
                0x00000000080013d0                HAL_IncTick
 .text.HAL_GetTick
                0x00000000080013f4       0x14 ./Drivers/STM32F1xx_HAL_Driver/Src/stm32f1xx_hal.o
                0x00000000080013f4                HAL_GetTick
 .text.__NVIC_SetPriorityGrouping
                0x0000000008001408       0x48 ./Drivers/STM32F1xx_HAL_Driver/Src/stm32f1xx_hal_cortex.o
 .text.__NVIC_GetPriorityGrouping
                0x0000000008001450       0x1c ./Drivers/STM32F1xx_HAL_Driver/Src/stm32f1xx_hal_cortex.o
 .text.__NVIC_EnableIRQ
                0x000000000800146c       0x38 ./Drivers/STM32F1xx_HAL_Driver/Src/stm32f1xx_hal_cortex.o
 .text.__NVIC_SetPriority
                0x00000000080014a4       0x54 ./Drivers/STM32F1xx_HAL_Driver/Src/stm32f1xx_hal_cortex.o
 .text.NVIC_EncodePriority
                0x00000000080014f8       0x64 ./Drivers/STM32F1xx_HAL_Driver/Src/stm32f1xx_hal_cortex.o
 .text.SysTick_Config
                0x000000000800155c       0x44 ./Drivers/STM32F1xx_HAL_Driver/Src/stm32f1xx_hal_cortex.o
 .text.HAL_NVIC_SetPriorityGrouping
                0x00000000080015a0       0x16 ./Drivers/STM32F1xx_HAL_Driver/Src/stm32f1xx_hal_cortex.o
                0x00000000080015a0                HAL_NVIC_SetPriorityGrouping
 .text.HAL_NVIC_SetPriority
                0x00000000080015b6       0x38 ./Drivers/STM32F1xx_HAL_Driver/Src/stm32f1xx_hal_cortex.o
                0x00000000080015b6                HAL_NVIC_SetPriority
 .text.HAL_NVIC_EnableIRQ
                0x00000000080015ee       0x1c ./Drivers/STM32F1xx_HAL_Driver/Src/stm32f1xx_hal_cortex.o
                0x00000000080015ee                HAL_NVIC_EnableIRQ
 .text.HAL_SYSTICK_Config
                0x000000000800160a       0x18 ./Drivers/STM32F1xx_HAL_Driver/Src/stm32f1xx_hal_cortex.o
                0x000000000800160a                HAL_SYSTICK_Config
 *fill*         0x0000000008001622        0x2 
 .text.HAL_GPIO_Init
                0x0000000008001624      0x2f8 ./Drivers/STM32F1xx_HAL_Driver/Src/stm32f1xx_hal_gpio.o
                0x0000000008001624                HAL_GPIO_Init
 .text.HAL_GPIO_ReadPin
                0x000000000800191c       0x2e ./Drivers/STM32F1xx_HAL_Driver/Src/stm32f1xx_hal_gpio.o
                0x000000000800191c                HAL_GPIO_ReadPin
 .text.HAL_GPIO_WritePin
                0x000000000800194a       0x30 ./Drivers/STM32F1xx_HAL_Driver/Src/stm32f1xx_hal_gpio.o
                0x000000000800194a                HAL_GPIO_WritePin
 .text.HAL_GPIO_TogglePin
                0x000000000800197a       0x32 ./Drivers/STM32F1xx_HAL_Driver/Src/stm32f1xx_hal_gpio.o
                0x000000000800197a                HAL_GPIO_TogglePin
 .text.HAL_RCC_OscConfig
                0x00000000080019ac      0x504 ./Drivers/STM32F1xx_HAL_Driver/Src/stm32f1xx_hal_rcc.o
                0x00000000080019ac                HAL_RCC_OscConfig
 .text.HAL_RCC_ClockConfig
                0x0000000008001eb0      0x1d4 ./Drivers/STM32F1xx_HAL_Driver/Src/stm32f1xx_hal_rcc.o
                0x0000000008001eb0                HAL_RCC_ClockConfig
 .text.HAL_RCC_GetSysClockFreq
                0x0000000008002084       0xbc ./Drivers/STM32F1xx_HAL_Driver/Src/stm32f1xx_hal_rcc.o
                0x0000000008002084                HAL_RCC_GetSysClockFreq
 .text.RCC_Delay
                0x0000000008002140       0x3c ./Drivers/STM32F1xx_HAL_Driver/Src/stm32f1xx_hal_rcc.o
 .text.HAL_TIM_Base_Init
                0x000000000800217c       0x9e ./Drivers/STM32F1xx_HAL_Driver/Src/stm32f1xx_hal_tim.o
                0x000000000800217c                HAL_TIM_Base_Init
 *fill*         0x000000000800221a        0x2 
 .text.HAL_TIM_Base_Start_IT
                0x000000000800221c       0x98 ./Drivers/STM32F1xx_HAL_Driver/Src/stm32f1xx_hal_tim.o
                0x000000000800221c                HAL_TIM_Base_Start_IT
 .text.HAL_TIM_IRQHandler
                0x00000000080022b4      0x210 ./Drivers/STM32F1xx_HAL_Driver/Src/stm32f1xx_hal_tim.o
                0x00000000080022b4                HAL_TIM_IRQHandler
 .text.HAL_TIM_ConfigClockSource
                0x00000000080024c4      0x188 ./Drivers/STM32F1xx_HAL_Driver/Src/stm32f1xx_hal_tim.o
                0x00000000080024c4                HAL_TIM_ConfigClockSource
 .text.HAL_TIM_OC_DelayElapsedCallback
                0x000000000800264c       0x12 ./Drivers/STM32F1xx_HAL_Driver/Src/stm32f1xx_hal_tim.o
                0x000000000800264c                HAL_TIM_OC_DelayElapsedCallback
 .text.HAL_TIM_IC_CaptureCallback
                0x000000000800265e       0x12 ./Drivers/STM32F1xx_HAL_Driver/Src/stm32f1xx_hal_tim.o
                0x000000000800265e                HAL_TIM_IC_CaptureCallback
 .text.HAL_TIM_PWM_PulseFinishedCallback
                0x0000000008002670       0x12 ./Drivers/STM32F1xx_HAL_Driver/Src/stm32f1xx_hal_tim.o
                0x0000000008002670                HAL_TIM_PWM_PulseFinishedCallback
 .text.HAL_TIM_TriggerCallback
                0x0000000008002682       0x12 ./Drivers/STM32F1xx_HAL_Driver/Src/stm32f1xx_hal_tim.o
                0x0000000008002682                HAL_TIM_TriggerCallback
 .text.TIM_Base_SetConfig
                0x0000000008002694       0xb0 ./Drivers/STM32F1xx_HAL_Driver/Src/stm32f1xx_hal_tim.o
                0x0000000008002694                TIM_Base_SetConfig
 .text.TIM_TI1_ConfigInputStage
                0x0000000008002744       0x5c ./Drivers/STM32F1xx_HAL_Driver/Src/stm32f1xx_hal_tim.o
 .text.TIM_TI2_ConfigInputStage
                0x00000000080027a0       0x5e ./Drivers/STM32F1xx_HAL_Driver/Src/stm32f1xx_hal_tim.o
 .text.TIM_ITRx_SetConfig
                0x00000000080027fe       0x34 ./Drivers/STM32F1xx_HAL_Driver/Src/stm32f1xx_hal_tim.o
 .text.TIM_ETR_SetConfig
                0x0000000008002832       0x3e ./Drivers/STM32F1xx_HAL_Driver/Src/stm32f1xx_hal_tim.o
                0x0000000008002832                TIM_ETR_SetConfig
 .text.HAL_TIMEx_MasterConfigSynchronization
                0x0000000008002870       0xb0 ./Drivers/STM32F1xx_HAL_Driver/Src/stm32f1xx_hal_tim_ex.o
                0x0000000008002870                HAL_TIMEx_MasterConfigSynchronization
 .text.HAL_TIMEx_CommutCallback
                0x0000000008002920       0x12 ./Drivers/STM32F1xx_HAL_Driver/Src/stm32f1xx_hal_tim_ex.o
                0x0000000008002920                HAL_TIMEx_CommutCallback
 .text.HAL_TIMEx_BreakCallback
                0x0000000008002932       0x12 ./Drivers/STM32F1xx_HAL_Driver/Src/stm32f1xx_hal_tim_ex.o
                0x0000000008002932                HAL_TIMEx_BreakCallback
 .text.__libc_init_array
                0x0000000008002944       0x48 c:/st/stm32cubeide_1.7.0/stm32cubeide/plugins/com.st.stm32cube.ide.mcu.externaltools.gnu-tools-for-stm32.10.3-2021.10.win32_1.0.0.202111181127/tools/bin/../lib/gcc/arm-none-eabi/10.3.1/../../../../arm-none-eabi/lib/thumb/v7-m/nofp\libc_nano.a(lib_a-init.o)
                0x0000000008002944                __libc_init_array
 .text.memset   0x000000000800298c       0x10 c:/st/stm32cubeide_1.7.0/stm32cubeide/plugins/com.st.stm32cube.ide.mcu.externaltools.gnu-tools-for-stm32.10.3-2021.10.win32_1.0.0.202111181127/tools/bin/../lib/gcc/arm-none-eabi/10.3.1/../../../../arm-none-eabi/lib/thumb/v7-m/nofp\libc_nano.a(lib_a-memset.o)
                0x000000000800298c                memset
 *(.glue_7)
 .glue_7        0x000000000800299c        0x0 linker stubs
 *(.glue_7t)
 .glue_7t       0x000000000800299c        0x0 linker stubs
 *(.eh_frame)
 .eh_frame      0x000000000800299c        0x0 c:/st/stm32cubeide_1.7.0/stm32cubeide/plugins/com.st.stm32cube.ide.mcu.externaltools.gnu-tools-for-stm32.10.3-2021.10.win32_1.0.0.202111181127/tools/bin/../lib/gcc/arm-none-eabi/10.3.1/thumb/v7-m/nofp/crtbegin.o
 *(.init)
 .init          0x000000000800299c        0x4 c:/st/stm32cubeide_1.7.0/stm32cubeide/plugins/com.st.stm32cube.ide.mcu.externaltools.gnu-tools-for-stm32.10.3-2021.10.win32_1.0.0.202111181127/tools/bin/../lib/gcc/arm-none-eabi/10.3.1/thumb/v7-m/nofp/crti.o
                0x000000000800299c                _init
 .init          0x00000000080029a0        0x8 c:/st/stm32cubeide_1.7.0/stm32cubeide/plugins/com.st.stm32cube.ide.mcu.externaltools.gnu-tools-for-stm32.10.3-2021.10.win32_1.0.0.202111181127/tools/bin/../lib/gcc/arm-none-eabi/10.3.1/thumb/v7-m/nofp/crtn.o
 *(.fini)
 .fini          0x00000000080029a8        0x4 c:/st/stm32cubeide_1.7.0/stm32cubeide/plugins/com.st.stm32cube.ide.mcu.externaltools.gnu-tools-for-stm32.10.3-2021.10.win32_1.0.0.202111181127/tools/bin/../lib/gcc/arm-none-eabi/10.3.1/thumb/v7-m/nofp/crti.o
                0x00000000080029a8                _fini
 .fini          0x00000000080029ac        0x8 c:/st/stm32cubeide_1.7.0/stm32cubeide/plugins/com.st.stm32cube.ide.mcu.externaltools.gnu-tools-for-stm32.10.3-2021.10.win32_1.0.0.202111181127/tools/bin/../lib/gcc/arm-none-eabi/10.3.1/thumb/v7-m/nofp/crtn.o
                0x00000000080029b4                . = ALIGN (0x4)
                0x00000000080029b4                _etext = .

.vfp11_veneer   0x00000000080029b4        0x0
 .vfp11_veneer  0x00000000080029b4        0x0 linker stubs

.v4_bx          0x00000000080029b4        0x0
 .v4_bx         0x00000000080029b4        0x0 linker stubs

.iplt           0x00000000080029b4        0x0
 .iplt          0x00000000080029b4        0x0 c:/st/stm32cubeide_1.7.0/stm32cubeide/plugins/com.st.stm32cube.ide.mcu.externaltools.gnu-tools-for-stm32.10.3-2021.10.win32_1.0.0.202111181127/tools/bin/../lib/gcc/arm-none-eabi/10.3.1/thumb/v7-m/nofp/crtbegin.o

.rodata         0x00000000080029b4       0xc8
                0x00000000080029b4                . = ALIGN (0x4)
 *(.rodata)
 .rodata        0x00000000080029b4       0xa8 ./Core/Src/display7SEG.o
 .rodata        0x0000000008002a5c       0x10 ./Drivers/STM32F1xx_HAL_Driver/Src/stm32f1xx_hal_rcc.o
 *(.rodata*)
 .rodata.AHBPrescTable
                0x0000000008002a6c       0x10 ./Core/Src/system_stm32f1xx.o
                0x0000000008002a6c                AHBPrescTable
                0x0000000008002a7c                . = ALIGN (0x4)

.rel.dyn        0x0000000008002a7c        0x0
 .rel.iplt      0x0000000008002a7c        0x0 c:/st/stm32cubeide_1.7.0/stm32cubeide/plugins/com.st.stm32cube.ide.mcu.externaltools.gnu-tools-for-stm32.10.3-2021.10.win32_1.0.0.202111181127/tools/bin/../lib/gcc/arm-none-eabi/10.3.1/thumb/v7-m/nofp/crtbegin.o

.ARM.extab      0x0000000008002a7c        0x0
                0x0000000008002a7c                . = ALIGN (0x4)
 *(.ARM.extab* .gnu.linkonce.armextab.*)
                0x0000000008002a7c                . = ALIGN (0x4)

.ARM            0x0000000008002a7c        0x0
                0x0000000008002a7c                . = ALIGN (0x4)
                0x0000000008002a7c                __exidx_start = .
 *(.ARM.exidx*)
                0x0000000008002a7c                __exidx_end = .
                0x0000000008002a7c                . = ALIGN (0x4)

.preinit_array  0x0000000008002a7c        0x0
                0x0000000008002a7c                . = ALIGN (0x4)
                0x0000000008002a7c                PROVIDE (__preinit_array_start = .)
 *(.preinit_array*)
                0x0000000008002a7c                PROVIDE (__preinit_array_end = .)
                0x0000000008002a7c                . = ALIGN (0x4)

.init_array     0x0000000008002a7c        0x4
                0x0000000008002a7c                . = ALIGN (0x4)
                0x0000000008002a7c                PROVIDE (__init_array_start = .)
 *(SORT_BY_NAME(.init_array.*))
 *(.init_array*)
 .init_array    0x0000000008002a7c        0x4 c:/st/stm32cubeide_1.7.0/stm32cubeide/plugins/com.st.stm32cube.ide.mcu.externaltools.gnu-tools-for-stm32.10.3-2021.10.win32_1.0.0.202111181127/tools/bin/../lib/gcc/arm-none-eabi/10.3.1/thumb/v7-m/nofp/crtbegin.o
                0x0000000008002a80                PROVIDE (__init_array_end = .)
                0x0000000008002a80                . = ALIGN (0x4)

.fini_array     0x0000000008002a80        0x4
                0x0000000008002a80                . = ALIGN (0x4)
                [!provide]                        PROVIDE (__fini_array_start = .)
 *(SORT_BY_NAME(.fini_array.*))
 *(.fini_array*)
 .fini_array    0x0000000008002a80        0x4 c:/st/stm32cubeide_1.7.0/stm32cubeide/plugins/com.st.stm32cube.ide.mcu.externaltools.gnu-tools-for-stm32.10.3-2021.10.win32_1.0.0.202111181127/tools/bin/../lib/gcc/arm-none-eabi/10.3.1/thumb/v7-m/nofp/crtbegin.o
                [!provide]                        PROVIDE (__fini_array_end = .)
                0x0000000008002a84                . = ALIGN (0x4)
                0x0000000008002a84                _sidata = LOADADDR (.data)

.data           0x0000000020000000       0x28 load address 0x0000000008002a84
                0x0000000020000000                . = ALIGN (0x4)
                0x0000000020000000                _sdata = .
 *(.data)
 *(.data*)
 .data.LED_RED_init
                0x0000000020000000        0x4 ./Core/Src/global.o
                0x0000000020000000                LED_RED_init
 .data.LED_YELLOW_init
                0x0000000020000004        0x4 ./Core/Src/global.o
                0x0000000020000004                LED_YELLOW_init
 .data.LED_GREEN_init
                0x0000000020000008        0x4 ./Core/Src/global.o
                0x0000000020000008                LED_GREEN_init
 .data.TRAFFIC_MODE
                0x000000002000000c        0x4 ./Core/Src/global.o
                0x000000002000000c                TRAFFIC_MODE
 .data.buttonBuffer
                0x0000000020000010        0x3 ./Core/Src/input_reading.o
 *fill*         0x0000000020000013        0x1 
 .data.debounceButtonBuffer1
                0x0000000020000014        0x3 ./Core/Src/input_reading.o
 *fill*         0x0000000020000017        0x1 
 .data.debounceButtonBuffer2
                0x0000000020000018        0x3 ./Core/Src/input_reading.o
 *fill*         0x000000002000001b        0x1 
 .data.SystemCoreClock
                0x000000002000001c        0x4 ./Core/Src/system_stm32f1xx.o
                0x000000002000001c                SystemCoreClock
 .data.uwTickPrio
                0x0000000020000020        0x4 ./Drivers/STM32F1xx_HAL_Driver/Src/stm32f1xx_hal.o
                0x0000000020000020                uwTickPrio
 .data.uwTickFreq
                0x0000000020000024        0x1 ./Drivers/STM32F1xx_HAL_Driver/Src/stm32f1xx_hal.o
                0x0000000020000024                uwTickFreq
 *(.RamFunc)
 *(.RamFunc*)
                0x0000000020000028                . = ALIGN (0x4)
 *fill*         0x0000000020000025        0x3 
                0x0000000020000028                _edata = .

.igot.plt       0x0000000020000028        0x0 load address 0x0000000008002aac
 .igot.plt      0x0000000020000028        0x0 c:/st/stm32cubeide_1.7.0/stm32cubeide/plugins/com.st.stm32cube.ide.mcu.externaltools.gnu-tools-for-stm32.10.3-2021.10.win32_1.0.0.202111181127/tools/bin/../lib/gcc/arm-none-eabi/10.3.1/thumb/v7-m/nofp/crtbegin.o
                0x0000000020000028                . = ALIGN (0x4)

.bss            0x0000000020000028       0xd8 load address 0x0000000008002aac
                0x0000000020000028                _sbss = .
                0x0000000020000028                __bss_start__ = _sbss
 *(.bss)
 .bss           0x0000000020000028       0x1c c:/st/stm32cubeide_1.7.0/stm32cubeide/plugins/com.st.stm32cube.ide.mcu.externaltools.gnu-tools-for-stm32.10.3-2021.10.win32_1.0.0.202111181127/tools/bin/../lib/gcc/arm-none-eabi/10.3.1/thumb/v7-m/nofp/crtbegin.o
 *(.bss*)
 .bss.index_led
                0x0000000020000044        0x4 ./Core/Src/display7SEG.o
                0x0000000020000044                index_led
 .bss.led_buffer
                0x0000000020000048       0x10 ./Core/Src/display7SEG.o
                0x0000000020000048                led_buffer
 .bss.status1   0x0000000020000058        0x4 ./Core/Src/fsm_automatic.o
                0x0000000020000058                status1
 .bss.status2   0x000000002000005c        0x4 ./Core/Src/fsm_automatic.o
                0x000000002000005c                status2
 .bss.counter1  0x0000000020000060        0x4 ./Core/Src/fsm_automatic.o
                0x0000000020000060                counter1
 .bss.counter2  0x0000000020000064        0x4 ./Core/Src/fsm_automatic.o
                0x0000000020000064                counter2
 .bss.inputLEDbuffer
                0x0000000020000068       0x10 ./Core/Src/fsm_automatic.o
                0x0000000020000068                inputLEDbuffer
 .bss.LED_RED_temp
                0x0000000020000078        0x4 ./Core/Src/global.o
                0x0000000020000078                LED_RED_temp
 .bss.LED_YELLOW_temp
                0x000000002000007c        0x4 ./Core/Src/global.o
                0x000000002000007c                LED_YELLOW_temp
 .bss.LED_GREEN_temp
                0x0000000020000080        0x4 ./Core/Src/global.o
                0x0000000020000080                LED_GREEN_temp
 .bss.buttonState
                0x0000000020000084        0x3 ./Core/Src/input_processing.o
                0x0000000020000084                buttonState
 *fill*         0x0000000020000087        0x1 
 .bss.flagForButtonPress1s
                0x0000000020000088        0x3 ./Core/Src/input_reading.o
 *fill*         0x000000002000008b        0x1 
 .bss.counterForButtonPress1s
                0x000000002000008c        0x6 ./Core/Src/input_reading.o
 *fill*         0x0000000020000092        0x2 
 .bss.htim2     0x0000000020000094       0x48 ./Core/Src/main.o
                0x0000000020000094                htim2
 .bss.timer_counter
                0x00000000200000dc       0x10 ./Core/Src/software_timer.o
                0x00000000200000dc                timer_counter
 .bss.timer_flag
                0x00000000200000ec       0x10 ./Core/Src/software_timer.o
                0x00000000200000ec                timer_flag
 .bss.uwTick    0x00000000200000fc        0x4 ./Drivers/STM32F1xx_HAL_Driver/Src/stm32f1xx_hal.o
                0x00000000200000fc                uwTick
 *(COMMON)
                0x0000000020000100                . = ALIGN (0x4)
                0x0000000020000100                _ebss = .
                0x0000000020000100                __bss_end__ = _ebss

._user_heap_stack
                0x0000000020000100      0x600 load address 0x0000000008002aac
                0x0000000020000100                . = ALIGN (0x8)
                [!provide]                        PROVIDE (end = .)
                0x0000000020000100                PROVIDE (_end = .)
                0x0000000020000300                . = (. + _Min_Heap_Size)
 *fill*         0x0000000020000100      0x200 
                0x0000000020000700                . = (. + _Min_Stack_Size)
 *fill*         0x0000000020000300      0x400 
                0x0000000020000700                . = ALIGN (0x8)

/DISCARD/
 libc.a(*)
 libm.a(*)
 libgcc.a(*)

.ARM.attributes
                0x0000000000000000       0x29
 *(.ARM.attributes)
 .ARM.attributes
                0x0000000000000000       0x1d c:/st/stm32cubeide_1.7.0/stm32cubeide/plugins/com.st.stm32cube.ide.mcu.externaltools.gnu-tools-for-stm32.10.3-2021.10.win32_1.0.0.202111181127/tools/bin/../lib/gcc/arm-none-eabi/10.3.1/thumb/v7-m/nofp/crti.o
 .ARM.attributes
                0x000000000000001d       0x2d c:/st/stm32cubeide_1.7.0/stm32cubeide/plugins/com.st.stm32cube.ide.mcu.externaltools.gnu-tools-for-stm32.10.3-2021.10.win32_1.0.0.202111181127/tools/bin/../lib/gcc/arm-none-eabi/10.3.1/thumb/v7-m/nofp/crtbegin.o
 .ARM.attributes
                0x000000000000004a       0x2d ./Core/Src/display.o
 .ARM.attributes
                0x0000000000000077       0x2d ./Core/Src/display7SEG.o
 .ARM.attributes
                0x00000000000000a4       0x2d ./Core/Src/fsm_automatic.o
 .ARM.attributes
                0x00000000000000d1       0x2d ./Core/Src/global.o
 .ARM.attributes
                0x00000000000000fe       0x2d ./Core/Src/input_processing.o
 .ARM.attributes
                0x000000000000012b       0x2d ./Core/Src/input_reading.o
 .ARM.attributes
                0x0000000000000158       0x2d ./Core/Src/main.o
 .ARM.attributes
                0x0000000000000185       0x2d ./Core/Src/software_timer.o
 .ARM.attributes
                0x00000000000001b2       0x2d ./Core/Src/stm32f1xx_hal_msp.o
 .ARM.attributes
                0x00000000000001df       0x2d ./Core/Src/stm32f1xx_it.o
 .ARM.attributes
                0x000000000000020c       0x2d ./Core/Src/system_stm32f1xx.o
 .ARM.attributes
                0x0000000000000239       0x2d ./Core/Src/timer.o
 .ARM.attributes
                0x0000000000000266       0x21 ./Core/Startup/startup_stm32f103c6ux.o
 .ARM.attributes
                0x0000000000000287       0x2d ./Drivers/STM32F1xx_HAL_Driver/Src/stm32f1xx_hal.o
 .ARM.attributes
                0x00000000000002b4       0x2d ./Drivers/STM32F1xx_HAL_Driver/Src/stm32f1xx_hal_cortex.o
 .ARM.attributes
                0x00000000000002e1       0x2d ./Drivers/STM32F1xx_HAL_Driver/Src/stm32f1xx_hal_gpio.o
 .ARM.attributes
                0x000000000000030e       0x2d ./Drivers/STM32F1xx_HAL_Driver/Src/stm32f1xx_hal_rcc.o
 .ARM.attributes
                0x000000000000033b       0x2d ./Drivers/STM32F1xx_HAL_Driver/Src/stm32f1xx_hal_tim.o
 .ARM.attributes
                0x0000000000000368       0x2d ./Drivers/STM32F1xx_HAL_Driver/Src/stm32f1xx_hal_tim_ex.o
 .ARM.attributes
                0x0000000000000395       0x2d c:/st/stm32cubeide_1.7.0/stm32cubeide/plugins/com.st.stm32cube.ide.mcu.externaltools.gnu-tools-for-stm32.10.3-2021.10.win32_1.0.0.202111181127/tools/bin/../lib/gcc/arm-none-eabi/10.3.1/../../../../arm-none-eabi/lib/thumb/v7-m/nofp\libc_nano.a(lib_a-init.o)
 .ARM.attributes
                0x00000000000003c2       0x2d c:/st/stm32cubeide_1.7.0/stm32cubeide/plugins/com.st.stm32cube.ide.mcu.externaltools.gnu-tools-for-stm32.10.3-2021.10.win32_1.0.0.202111181127/tools/bin/../lib/gcc/arm-none-eabi/10.3.1/../../../../arm-none-eabi/lib/thumb/v7-m/nofp\libc_nano.a(lib_a-memset.o)
 .ARM.attributes
                0x00000000000003ef       0x1d c:/st/stm32cubeide_1.7.0/stm32cubeide/plugins/com.st.stm32cube.ide.mcu.externaltools.gnu-tools-for-stm32.10.3-2021.10.win32_1.0.0.202111181127/tools/bin/../lib/gcc/arm-none-eabi/10.3.1/thumb/v7-m/nofp/crtn.o
OUTPUT(Lab3.elf elf32-littlearm)
LOAD linker stubs
LOAD c:/st/stm32cubeide_1.7.0/stm32cubeide/plugins/com.st.stm32cube.ide.mcu.externaltools.gnu-tools-for-stm32.10.3-2021.10.win32_1.0.0.202111181127/tools/bin/../lib/gcc/arm-none-eabi/10.3.1/../../../../arm-none-eabi/lib/thumb/v7-m/nofp\libc.a
LOAD c:/st/stm32cubeide_1.7.0/stm32cubeide/plugins/com.st.stm32cube.ide.mcu.externaltools.gnu-tools-for-stm32.10.3-2021.10.win32_1.0.0.202111181127/tools/bin/../lib/gcc/arm-none-eabi/10.3.1/../../../../arm-none-eabi/lib/thumb/v7-m/nofp\libm.a
LOAD c:/st/stm32cubeide_1.7.0/stm32cubeide/plugins/com.st.stm32cube.ide.mcu.externaltools.gnu-tools-for-stm32.10.3-2021.10.win32_1.0.0.202111181127/tools/bin/../lib/gcc/arm-none-eabi/10.3.1/thumb/v7-m/nofp\libgcc.a

.debug_info     0x0000000000000000     0x9349
 .debug_info    0x0000000000000000      0x23d ./Core/Src/display.o
 .debug_info    0x000000000000023d      0x40a ./Core/Src/display7SEG.o
 .debug_info    0x0000000000000647      0x2ca ./Core/Src/fsm_automatic.o
 .debug_info    0x0000000000000911      0x156 ./Core/Src/global.o
 .debug_info    0x0000000000000a67      0x184 ./Core/Src/input_processing.o
 .debug_info    0x0000000000000beb      0x299 ./Core/Src/input_reading.o
 .debug_info    0x0000000000000e84      0xbb4 ./Core/Src/main.o
 .debug_info    0x0000000000001a38      0x129 ./Core/Src/software_timer.o
 .debug_info    0x0000000000001b61      0x8d7 ./Core/Src/stm32f1xx_hal_msp.o
 .debug_info    0x0000000000002438      0x6ea ./Core/Src/stm32f1xx_it.o
 .debug_info    0x0000000000002b22      0x23d ./Core/Src/system_stm32f1xx.o
 .debug_info    0x0000000000002d5f      0x64a ./Core/Src/timer.o
 .debug_info    0x00000000000033a9       0x22 ./Core/Startup/startup_stm32f103c6ux.o
 .debug_info    0x00000000000033cb      0x716 ./Drivers/STM32F1xx_HAL_Driver/Src/stm32f1xx_hal.o
 .debug_info    0x0000000000003ae1      0xb02 ./Drivers/STM32F1xx_HAL_Driver/Src/stm32f1xx_hal_cortex.o
 .debug_info    0x00000000000045e3      0x615 ./Drivers/STM32F1xx_HAL_Driver/Src/stm32f1xx_hal_gpio.o
 .debug_info    0x0000000000004bf8      0x860 ./Drivers/STM32F1xx_HAL_Driver/Src/stm32f1xx_hal_rcc.o
 .debug_info    0x0000000000005458     0x29de ./Drivers/STM32F1xx_HAL_Driver/Src/stm32f1xx_hal_tim.o
 .debug_info    0x0000000000007e36     0x1513 ./Drivers/STM32F1xx_HAL_Driver/Src/stm32f1xx_hal_tim_ex.o

.debug_abbrev   0x0000000000000000     0x1e07
 .debug_abbrev  0x0000000000000000      0x12e ./Core/Src/display.o
 .debug_abbrev  0x000000000000012e      0x1ab ./Core/Src/display7SEG.o
 .debug_abbrev  0x00000000000002d9      0x13b ./Core/Src/fsm_automatic.o
 .debug_abbrev  0x0000000000000414       0x83 ./Core/Src/global.o
 .debug_abbrev  0x0000000000000497       0xed ./Core/Src/input_processing.o
 .debug_abbrev  0x0000000000000584      0x14e ./Core/Src/input_reading.o
 .debug_abbrev  0x00000000000006d2      0x271 ./Core/Src/main.o
 .debug_abbrev  0x0000000000000943       0xda ./Core/Src/software_timer.o
 .debug_abbrev  0x0000000000000a1d      0x19f ./Core/Src/stm32f1xx_hal_msp.o
 .debug_abbrev  0x0000000000000bbc      0x184 ./Core/Src/stm32f1xx_it.o
 .debug_abbrev  0x0000000000000d40      0x13b ./Core/Src/system_stm32f1xx.o
 .debug_abbrev  0x0000000000000e7b      0x16d ./Core/Src/timer.o
 .debug_abbrev  0x0000000000000fe8       0x12 ./Core/Startup/startup_stm32f103c6ux.o
 .debug_abbrev  0x0000000000000ffa      0x1fb ./Drivers/STM32F1xx_HAL_Driver/Src/stm32f1xx_hal.o
 .debug_abbrev  0x00000000000011f5      0x2ed ./Drivers/STM32F1xx_HAL_Driver/Src/stm32f1xx_hal_cortex.o
 .debug_abbrev  0x00000000000014e2      0x1bb ./Drivers/STM32F1xx_HAL_Driver/Src/stm32f1xx_hal_gpio.o
 .debug_abbrev  0x000000000000169d      0x2a8 ./Drivers/STM32F1xx_HAL_Driver/Src/stm32f1xx_hal_rcc.o
 .debug_abbrev  0x0000000000001945      0x25d ./Drivers/STM32F1xx_HAL_Driver/Src/stm32f1xx_hal_tim.o
 .debug_abbrev  0x0000000000001ba2      0x265 ./Drivers/STM32F1xx_HAL_Driver/Src/stm32f1xx_hal_tim_ex.o

.debug_aranges  0x0000000000000000      0xa88
 .debug_aranges
                0x0000000000000000       0x38 ./Core/Src/display.o
 .debug_aranges
                0x0000000000000038       0x40 ./Core/Src/display7SEG.o
 .debug_aranges
                0x0000000000000078       0x30 ./Core/Src/fsm_automatic.o
 .debug_aranges
                0x00000000000000a8       0x20 ./Core/Src/global.o
 .debug_aranges
                0x00000000000000c8       0x20 ./Core/Src/input_processing.o
 .debug_aranges
                0x00000000000000e8       0x30 ./Core/Src/input_reading.o
 .debug_aranges
                0x0000000000000118       0x40 ./Core/Src/main.o
 .debug_aranges
                0x0000000000000158       0x28 ./Core/Src/software_timer.o
 .debug_aranges
                0x0000000000000180       0x30 ./Core/Src/stm32f1xx_hal_msp.o
 .debug_aranges
                0x00000000000001b0       0x68 ./Core/Src/stm32f1xx_it.o
 .debug_aranges
                0x0000000000000218       0x28 ./Core/Src/system_stm32f1xx.o
 .debug_aranges
                0x0000000000000240       0x20 ./Core/Src/timer.o
 .debug_aranges
                0x0000000000000260       0x28 ./Core/Startup/startup_stm32f103c6ux.o
 .debug_aranges
                0x0000000000000288       0xe0 ./Drivers/STM32F1xx_HAL_Driver/Src/stm32f1xx_hal.o
 .debug_aranges
                0x0000000000000368      0x100 ./Drivers/STM32F1xx_HAL_Driver/Src/stm32f1xx_hal_cortex.o
 .debug_aranges
                0x0000000000000468       0x58 ./Drivers/STM32F1xx_HAL_Driver/Src/stm32f1xx_hal_gpio.o
 .debug_aranges
                0x00000000000004c0       0x90 ./Drivers/STM32F1xx_HAL_Driver/Src/stm32f1xx_hal_rcc.o
 .debug_aranges
                0x0000000000000550      0x3d0 ./Drivers/STM32F1xx_HAL_Driver/Src/stm32f1xx_hal_tim.o
 .debug_aranges
                0x0000000000000920      0x168 ./Drivers/STM32F1xx_HAL_Driver/Src/stm32f1xx_hal_tim_ex.o

.debug_ranges   0x0000000000000000      0x960
 .debug_ranges  0x0000000000000000       0x28 ./Core/Src/display.o
 .debug_ranges  0x0000000000000028       0x30 ./Core/Src/display7SEG.o
 .debug_ranges  0x0000000000000058       0x20 ./Core/Src/fsm_automatic.o
 .debug_ranges  0x0000000000000078       0x10 ./Core/Src/global.o
 .debug_ranges  0x0000000000000088       0x10 ./Core/Src/input_processing.o
 .debug_ranges  0x0000000000000098       0x20 ./Core/Src/input_reading.o
 .debug_ranges  0x00000000000000b8       0x30 ./Core/Src/main.o
 .debug_ranges  0x00000000000000e8       0x18 ./Core/Src/software_timer.o
 .debug_ranges  0x0000000000000100       0x20 ./Core/Src/stm32f1xx_hal_msp.o
 .debug_ranges  0x0000000000000120       0x58 ./Core/Src/stm32f1xx_it.o
 .debug_ranges  0x0000000000000178       0x18 ./Core/Src/system_stm32f1xx.o
 .debug_ranges  0x0000000000000190       0x10 ./Core/Src/timer.o
 .debug_ranges  0x00000000000001a0       0x20 ./Core/Startup/startup_stm32f103c6ux.o
 .debug_ranges  0x00000000000001c0       0xd0 ./Drivers/STM32F1xx_HAL_Driver/Src/stm32f1xx_hal.o
 .debug_ranges  0x0000000000000290       0xf0 ./Drivers/STM32F1xx_HAL_Driver/Src/stm32f1xx_hal_cortex.o
 .debug_ranges  0x0000000000000380       0x48 ./Drivers/STM32F1xx_HAL_Driver/Src/stm32f1xx_hal_gpio.o
 .debug_ranges  0x00000000000003c8       0x80 ./Drivers/STM32F1xx_HAL_Driver/Src/stm32f1xx_hal_rcc.o
 .debug_ranges  0x0000000000000448      0x3c0 ./Drivers/STM32F1xx_HAL_Driver/Src/stm32f1xx_hal_tim.o
 .debug_ranges  0x0000000000000808      0x158 ./Drivers/STM32F1xx_HAL_Driver/Src/stm32f1xx_hal_tim_ex.o

.debug_macro    0x0000000000000000    0x172b8
 .debug_macro   0x0000000000000000      0x1f3 ./Core/Src/display.o
 .debug_macro   0x00000000000001f3      0xa6c ./Core/Src/display.o
 .debug_macro   0x0000000000000c5f       0x10 ./Core/Src/display.o
 .debug_macro   0x0000000000000c6f      0x215 ./Core/Src/display.o
 .debug_macro   0x0000000000000e84       0x2e ./Core/Src/display.o
 .debug_macro   0x0000000000000eb2       0x22 ./Core/Src/display.o
 .debug_macro   0x0000000000000ed4       0x22 ./Core/Src/display.o
 .debug_macro   0x0000000000000ef6       0x8e ./Core/Src/display.o
 .debug_macro   0x0000000000000f84       0x51 ./Core/Src/display.o
 .debug_macro   0x0000000000000fd5      0x103 ./Core/Src/display.o
 .debug_macro   0x00000000000010d8       0x6a ./Core/Src/display.o
 .debug_macro   0x0000000000001142      0x1df ./Core/Src/display.o
 .debug_macro   0x0000000000001321       0x1c ./Core/Src/display.o
 .debug_macro   0x000000000000133d       0x22 ./Core/Src/display.o
 .debug_macro   0x000000000000135f       0xbd ./Core/Src/display.o
 .debug_macro   0x000000000000141c      0xd23 ./Core/Src/display.o
 .debug_macro   0x000000000000213f     0xde75 ./Core/Src/display.o
 .debug_macro   0x000000000000ffb4       0x6d ./Core/Src/display.o
 .debug_macro   0x0000000000010021     0x3468 ./Core/Src/display.o
 .debug_macro   0x0000000000013489      0x174 ./Core/Src/display.o
 .debug_macro   0x00000000000135fd       0x5c ./Core/Src/display.o
 .debug_macro   0x0000000000013659      0x5be ./Core/Src/display.o
 .debug_macro   0x0000000000013c17      0x1b7 ./Core/Src/display.o
 .debug_macro   0x0000000000013dce      0x1cb ./Core/Src/display.o
 .debug_macro   0x0000000000013f99      0x114 ./Core/Src/display.o
 .debug_macro   0x00000000000140ad      0x1b2 ./Core/Src/display.o
 .debug_macro   0x000000000001425f       0x27 ./Core/Src/display.o
 .debug_macro   0x0000000000014286      0x12f ./Core/Src/display.o
 .debug_macro   0x00000000000143b5      0x1bc ./Core/Src/display.o
 .debug_macro   0x0000000000014571       0x34 ./Core/Src/display.o
 .debug_macro   0x00000000000145a5       0x3c ./Core/Src/display.o
 .debug_macro   0x00000000000145e1       0x57 ./Core/Src/display.o
 .debug_macro   0x0000000000014638       0x88 ./Core/Src/display.o
 .debug_macro   0x00000000000146c0      0x183 ./Core/Src/display.o
 .debug_macro   0x0000000000014843      0x141 ./Core/Src/display.o
 .debug_macro   0x0000000000014984      0x8d1 ./Core/Src/display.o
 .debug_macro   0x0000000000015255       0x69 ./Core/Src/display.o
 .debug_macro   0x00000000000152be      0x100 ./Core/Src/display.o
 .debug_macro   0x00000000000153be       0x22 ./Core/Src/display.o
 .debug_macro   0x00000000000153e0      0x1f3 ./Core/Src/display7SEG.o
 .debug_macro   0x00000000000155d3      0x1f3 ./Core/Src/fsm_automatic.o
 .debug_macro   0x00000000000157c6      0x1ef ./Core/Src/global.o
 .debug_macro   0x00000000000159b5      0x1f9 ./Core/Src/input_processing.o
 .debug_macro   0x0000000000015bae      0x20f ./Core/Src/input_reading.o
 .debug_macro   0x0000000000015dbd      0x1f3 ./Core/Src/main.o
 .debug_macro   0x0000000000015fb0      0x1f3 ./Core/Src/software_timer.o
 .debug_macro   0x00000000000161a3      0x1a7 ./Core/Src/stm32f1xx_hal_msp.o
 .debug_macro   0x000000000001634a      0x1b1 ./Core/Src/stm32f1xx_it.o
 .debug_macro   0x00000000000164fb      0x198 ./Core/Src/system_stm32f1xx.o
 .debug_macro   0x0000000000016693      0x1f3 ./Core/Src/timer.o
 .debug_macro   0x0000000000016886      0x1bc ./Drivers/STM32F1xx_HAL_Driver/Src/stm32f1xx_hal.o
 .debug_macro   0x0000000000016a42      0x198 ./Drivers/STM32F1xx_HAL_Driver/Src/stm32f1xx_hal_cortex.o
 .debug_macro   0x0000000000016bda      0x203 ./Drivers/STM32F1xx_HAL_Driver/Src/stm32f1xx_hal_gpio.o
 .debug_macro   0x0000000000016ddd      0x1aa ./Drivers/STM32F1xx_HAL_Driver/Src/stm32f1xx_hal_rcc.o
 .debug_macro   0x0000000000016f87      0x199 ./Drivers/STM32F1xx_HAL_Driver/Src/stm32f1xx_hal_tim.o
 .debug_macro   0x0000000000017120      0x198 ./Drivers/STM32F1xx_HAL_Driver/Src/stm32f1xx_hal_tim_ex.o

.debug_line     0x0000000000000000     0xccfe
 .debug_line    0x0000000000000000      0x753 ./Core/Src/display.o
 .debug_line    0x0000000000000753      0x80f ./Core/Src/display7SEG.o
 .debug_line    0x0000000000000f62      0x830 ./Core/Src/fsm_automatic.o
 .debug_line    0x0000000000001792      0x6c0 ./Core/Src/global.o
 .debug_line    0x0000000000001e52      0x789 ./Core/Src/input_processing.o
 .debug_line    0x00000000000025db      0x78a ./Core/Src/input_reading.o
 .debug_line    0x0000000000002d65      0x7cf ./Core/Src/main.o
 .debug_line    0x0000000000003534      0x70a ./Core/Src/software_timer.o
 .debug_line    0x0000000000003c3e      0x690 ./Core/Src/stm32f1xx_hal_msp.o
 .debug_line    0x00000000000042ce      0x730 ./Core/Src/stm32f1xx_it.o
 .debug_line    0x00000000000049fe      0x6d4 ./Core/Src/system_stm32f1xx.o
 .debug_line    0x00000000000050d2      0x6c5 ./Core/Src/timer.o
 .debug_line    0x0000000000005797       0x87 ./Core/Startup/startup_stm32f103c6ux.o
 .debug_line    0x000000000000581e      0x901 ./Drivers/STM32F1xx_HAL_Driver/Src/stm32f1xx_hal.o
 .debug_line    0x000000000000611f      0xae9 ./Drivers/STM32F1xx_HAL_Driver/Src/stm32f1xx_hal_cortex.o
 .debug_line    0x0000000000006c08      0x983 ./Drivers/STM32F1xx_HAL_Driver/Src/stm32f1xx_hal_gpio.o
 .debug_line    0x000000000000758b      0xd0f ./Drivers/STM32F1xx_HAL_Driver/Src/stm32f1xx_hal_rcc.o
 .debug_line    0x000000000000829a     0x326d ./Drivers/STM32F1xx_HAL_Driver/Src/stm32f1xx_hal_tim.o
 .debug_line    0x000000000000b507     0x17f7 ./Drivers/STM32F1xx_HAL_Driver/Src/stm32f1xx_hal_tim_ex.o

.debug_str      0x0000000000000000    0x8223d
 .debug_str     0x0000000000000000    0x7f4ae ./Core/Src/display.o
                                      0x7f80a (size before relaxing)
 .debug_str     0x000000000007f4ae       0x91 ./Core/Src/display7SEG.o
                                      0x7f83a (size before relaxing)
 .debug_str     0x000000000007f53f       0xf0 ./Core/Src/fsm_automatic.o
                                      0x7f8b2 (size before relaxing)
 .debug_str     0x000000000007f62f       0x22 ./Core/Src/global.o
                                      0x7f7a4 (size before relaxing)
 .debug_str     0x000000000007f651       0xc8 ./Core/Src/input_processing.o
                                      0x7f860 (size before relaxing)
 .debug_str     0x000000000007f719      0x10e ./Core/Src/input_reading.o
                                      0x7f8d0 (size before relaxing)
 .debug_str     0x000000000007f827      0x773 ./Core/Src/main.o
                                      0x7ffe2 (size before relaxing)
 .debug_str     0x000000000007ff9a       0x51 ./Core/Src/software_timer.o
                                      0x7f779 (size before relaxing)
 .debug_str     0x000000000007ffeb      0x2d2 ./Core/Src/stm32f1xx_hal_msp.o
                                      0x7feb0 (size before relaxing)
 .debug_str     0x00000000000802bd       0xec ./Core/Src/stm32f1xx_it.o
                                      0x7fc19 (size before relaxing)
 .debug_str     0x00000000000803a9       0x7e ./Core/Src/system_stm32f1xx.o
                                      0x7f37a (size before relaxing)
 .debug_str     0x0000000000080427       0x37 ./Core/Src/timer.o
                                      0x7fc2b (size before relaxing)
 .debug_str     0x000000000008045e       0x36 ./Core/Startup/startup_stm32f103c6ux.o
                                         0x78 (size before relaxing)
 .debug_str     0x0000000000080494      0x38e ./Drivers/STM32F1xx_HAL_Driver/Src/stm32f1xx_hal.o
                                      0x7fa73 (size before relaxing)
 .debug_str     0x0000000000080822      0x29e ./Drivers/STM32F1xx_HAL_Driver/Src/stm32f1xx_hal_cortex.o
                                      0x7f9bf (size before relaxing)
 .debug_str     0x0000000000080ac0      0x2f1 ./Drivers/STM32F1xx_HAL_Driver/Src/stm32f1xx_hal_gpio.o
                                      0x7f700 (size before relaxing)
 .debug_str     0x0000000000080db1      0x229 ./Drivers/STM32F1xx_HAL_Driver/Src/stm32f1xx_hal_rcc.o
                                      0x7f7a9 (size before relaxing)
 .debug_str     0x0000000000080fda      0xdd0 ./Drivers/STM32F1xx_HAL_Driver/Src/stm32f1xx_hal_tim.o
                                      0x80794 (size before relaxing)
 .debug_str     0x0000000000081daa      0x493 ./Drivers/STM32F1xx_HAL_Driver/Src/stm32f1xx_hal_tim_ex.o
                                      0x7ffb0 (size before relaxing)

.comment        0x0000000000000000       0x50
 .comment       0x0000000000000000       0x50 ./Core/Src/display.o
                                         0x51 (size before relaxing)
 .comment       0x0000000000000050       0x51 ./Core/Src/display7SEG.o
 .comment       0x0000000000000050       0x51 ./Core/Src/fsm_automatic.o
 .comment       0x0000000000000050       0x51 ./Core/Src/global.o
 .comment       0x0000000000000050       0x51 ./Core/Src/input_processing.o
 .comment       0x0000000000000050       0x51 ./Core/Src/input_reading.o
 .comment       0x0000000000000050       0x51 ./Core/Src/main.o
 .comment       0x0000000000000050       0x51 ./Core/Src/software_timer.o
 .comment       0x0000000000000050       0x51 ./Core/Src/stm32f1xx_hal_msp.o
 .comment       0x0000000000000050       0x51 ./Core/Src/stm32f1xx_it.o
 .comment       0x0000000000000050       0x51 ./Core/Src/system_stm32f1xx.o
 .comment       0x0000000000000050       0x51 ./Core/Src/timer.o
 .comment       0x0000000000000050       0x51 ./Drivers/STM32F1xx_HAL_Driver/Src/stm32f1xx_hal.o
 .comment       0x0000000000000050       0x51 ./Drivers/STM32F1xx_HAL_Driver/Src/stm32f1xx_hal_cortex.o
 .comment       0x0000000000000050       0x51 ./Drivers/STM32F1xx_HAL_Driver/Src/stm32f1xx_hal_gpio.o
 .comment       0x0000000000000050       0x51 ./Drivers/STM32F1xx_HAL_Driver/Src/stm32f1xx_hal_rcc.o
 .comment       0x0000000000000050       0x51 ./Drivers/STM32F1xx_HAL_Driver/Src/stm32f1xx_hal_tim.o
 .comment       0x0000000000000050       0x51 ./Drivers/STM32F1xx_HAL_Driver/Src/stm32f1xx_hal_tim_ex.o

.debug_frame    0x0000000000000000     0x28f4
 .debug_frame   0x0000000000000000       0x98 ./Core/Src/display.o
 .debug_frame   0x0000000000000098       0xcc ./Core/Src/display7SEG.o
 .debug_frame   0x0000000000000164       0x6c ./Core/Src/fsm_automatic.o
 .debug_frame   0x00000000000001d0       0x2c ./Core/Src/global.o
 .debug_frame   0x00000000000001fc       0x34 ./Core/Src/input_processing.o
 .debug_frame   0x0000000000000230       0x88 ./Core/Src/input_reading.o
 .debug_frame   0x00000000000002b8       0xb0 ./Core/Src/main.o
 .debug_frame   0x0000000000000368       0x60 ./Core/Src/software_timer.o
 .debug_frame   0x00000000000003c8       0x80 ./Core/Src/stm32f1xx_hal_msp.o
 .debug_frame   0x0000000000000448      0x120 ./Core/Src/stm32f1xx_it.o
 .debug_frame   0x0000000000000568       0x58 ./Core/Src/system_stm32f1xx.o
 .debug_frame   0x00000000000005c0       0x34 ./Core/Src/timer.o
 .debug_frame   0x00000000000005f4      0x334 ./Drivers/STM32F1xx_HAL_Driver/Src/stm32f1xx_hal.o
 .debug_frame   0x0000000000000928      0x428 ./Drivers/STM32F1xx_HAL_Driver/Src/stm32f1xx_hal_cortex.o
 .debug_frame   0x0000000000000d50      0x14c ./Drivers/STM32F1xx_HAL_Driver/Src/stm32f1xx_hal_gpio.o
 .debug_frame   0x0000000000000e9c      0x21c ./Drivers/STM32F1xx_HAL_Driver/Src/stm32f1xx_hal_rcc.o
 .debug_frame   0x00000000000010b8     0x11b8 ./Drivers/STM32F1xx_HAL_Driver/Src/stm32f1xx_hal_tim.o
 .debug_frame   0x0000000000002270      0x638 ./Drivers/STM32F1xx_HAL_Driver/Src/stm32f1xx_hal_tim_ex.o
 .debug_frame   0x00000000000028a8       0x2c c:/st/stm32cubeide_1.7.0/stm32cubeide/plugins/com.st.stm32cube.ide.mcu.externaltools.gnu-tools-for-stm32.10.3-2021.10.win32_1.0.0.202111181127/tools/bin/../lib/gcc/arm-none-eabi/10.3.1/../../../../arm-none-eabi/lib/thumb/v7-m/nofp\libc_nano.a(lib_a-init.o)
 .debug_frame   0x00000000000028d4       0x20 c:/st/stm32cubeide_1.7.0/stm32cubeide/plugins/com.st.stm32cube.ide.mcu.externaltools.gnu-tools-for-stm32.10.3-2021.10.win32_1.0.0.202111181127/tools/bin/../lib/gcc/arm-none-eabi/10.3.1/../../../../arm-none-eabi/lib/thumb/v7-m/nofp\libc_nano.a(lib_a-memset.o)
