10:32:05 **** Incremental Build of configuration Release for project Lab1_Ex4 ****
make -j12 all 
arm-none-eabi-gcc "../Core/Src/main.c" -mcpu=cortex-m3 -std=gnu11 -DUSE_HAL_DRIVER -DSTM32F103x6 -c -I../Core/Inc -I../Drivers/STM32F1xx_HAL_Driver/Inc -I../Drivers/STM32F1xx_HAL_Driver/Inc/Legacy -I../Drivers/CMSIS/Device/ST/STM32F1xx/Include -I../Drivers/CMSIS/Include -Os -ffunction-sections -fdata-sections -Wall -fstack-usage -MMD -MP -MF"Core/Src/main.d" -MT"Core/Src/main.o" --specs=nano.specs -mfloat-abi=soft -mthumb -o "Core/Src/main.o"
arm-none-eabi-gcc -o "Lab1_Ex4.elf" @"objects.list"   -mcpu=cortex-m3 -T"G:\Study\HCMUT\Sem6\MCU\Lab\STM32CubeIDE\Lab1_Ex4\STM32F103C6UX_FLASH.ld" --specs=nosys.specs -Wl,-Map="Lab1_Ex4.map" -Wl,--gc-sections -static --specs=nano.specs -mfloat-abi=soft -mthumb -Wl,--start-group -lc -lm -Wl,--end-group
Finished building target: Lab1_Ex4.elf
 
arm-none-eabi-size   Lab1_Ex4.elf 
arm-none-eabi-objdump -h -S  Lab1_Ex4.elf  > "Lab1_Ex4.list"
arm-none-eabi-objcopy  -O ihex  Lab1_Ex4.elf  "Lab1_Ex4.hex"
arm-none-eabi-objcopy  -O binary  Lab1_Ex4.elf  "Lab1_Ex4.bin"
   text	   data	    bss	    dec	    hex	filename
   3312	     20	   1572	   4904	   1328	Lab1_Ex4.elf
Finished building: default.size.stdout
 
Finished building: Lab1_Ex4.bin
Finished building: Lab1_Ex4.list
Finished building: Lab1_Ex4.hex
 
 
 

10:32:06 Build Finished. 0 errors, 0 warnings. (took 472ms)

