15:00:30 **** Incremental Build of configuration Release for project Lab2_Ex1 ****
make -j12 all 
arm-none-eabi-gcc "../Core/Src/main.c" -mcpu=cortex-m3 -std=gnu11 -DUSE_HAL_DRIVER -DSTM32F103x6 -c -I../Core/Inc -I../Drivers/STM32F1xx_HAL_Driver/Inc -I../Drivers/STM32F1xx_HAL_Driver/Inc/Legacy -I../Drivers/CMSIS/Device/ST/STM32F1xx/Include -I../Drivers/CMSIS/Include -Os -ffunction-sections -fdata-sections -Wall -fstack-usage -MMD -MP -MF"Core/Src/main.d" -MT"Core/Src/main.o" --specs=nano.specs -mfloat-abi=soft -mthumb -o "Core/Src/main.o"
arm-none-eabi-gcc -o "Lab2_Ex1.elf" @"objects.list"   -mcpu=cortex-m3 -T"D:\Documents\Github\Lab1_QuaiVatSTM32\Huy\STM32CubeIDE\Lab2_Ex1\STM32F103C6UX_FLASH.ld" --specs=nosys.specs -Wl,-Map="Lab2_Ex1.map" -Wl,--gc-sections -static --specs=nano.specs -mfloat-abi=soft -mthumb -Wl,--start-group -lc -lm -Wl,--end-group
Finished building target: Lab2_Ex1.elf
 
arm-none-eabi-size   Lab2_Ex1.elf 
arm-none-eabi-objdump -h -S  Lab2_Ex1.elf  > "Lab2_Ex1.list"
arm-none-eabi-objcopy  -O ihex  Lab2_Ex1.elf  "Lab2_Ex1.hex"
   text	   data	    bss	    dec	    hex	filename
   4160	     32	   1648	   5840	   16d0	Lab2_Ex1.elf
Finished building: default.size.stdout
 
Finished building: Lab2_Ex1.hex
Finished building: Lab2_Ex1.list
 
 

15:00:31 Build Finished. 0 errors, 0 warnings. (took 484ms)

