09:53:24 **** Build of configuration Debug for project PWM test ****
make -j12 all 
arm-none-eabi-gcc -o "PWM test.elf" @"objects.list"   -mcpu=cortex-m3 -T"D:\Documents\Github\Lab1_QuaiVatSTM32\Huy\STM32CubeIDE\PWM test\STM32F103RBTX_FLASH.ld" --specs=nosys.specs -Wl,-Map="PWM test.map" -Wl,--gc-sections -static --specs=nano.specs -mfloat-abi=soft -mthumb -Wl,--start-group -lc -lm -Wl,--end-group
Finished building target: PWM test.elf
 
arm-none-eabi-size   PWM\ test.elf 
arm-none-eabi-objdump -h -S  PWM\ test.elf  > "PWM test.list"
arm-none-eabi-objcopy  -O ihex  PWM\ test.elf  "PWM test.hex"
   text	   data	    bss	    dec	    hex	filename
   7676	     20	   1644	   9340	   247c	PWM test.elf
Finished building: default.size.stdout
 
Finished building: PWM test.hex
 
Finished building: PWM test.list
 

09:53:24 Build Finished. 0 errors, 0 warnings. (took 531ms)

