13:33:01 **** Incremental Build of configuration Debug for project PWM test ****
make -j12 all 
arm-none-eabi-gcc "../Core/Src/main.c" -mcpu=cortex-m3 -std=gnu11 -g3 -DDEBUG -DUSE_HAL_DRIVER -DSTM32F103xB -c -I../Core/Inc -I../Drivers/STM32F1xx_HAL_Driver/Inc/Legacy -I../Drivers/STM32F1xx_HAL_Driver/Inc -I../Drivers/CMSIS/Device/ST/STM32F1xx/Include -I../Drivers/CMSIS/Include -O0 -ffunction-sections -fdata-sections -Wall -fstack-usage -MMD -MP -MF"Core/Src/main.d" -MT"Core/Src/main.o" --specs=nano.specs -mfloat-abi=soft -mthumb -o "Core/Src/main.o"
arm-none-eabi-gcc -o "PWM test.elf" @"objects.list"   -mcpu=cortex-m3 -T"D:\Documents\Github\Lab1_QuaiVatSTM32\Huy\STM32CubeIDE\PWM test\STM32F103RBTX_FLASH.ld" --specs=nosys.specs -Wl,-Map="PWM test.map" -Wl,--gc-sections -static --specs=nano.specs -mfloat-abi=soft -mthumb -Wl,--start-group -lc -lm -Wl,--end-group
Finished building target: PWM test.elf
 
arm-none-eabi-size   PWM\ test.elf 
arm-none-eabi-objdump -h -S  PWM\ test.elf  > "PWM test.list"
   text	   data	    bss	    dec	    hex	filename
   7676	     20	   1644	   9340	   247c	PWM test.elf
Finished building: default.size.stdout
 
Finished building: PWM test.list
 

13:33:01 Build Finished. 0 errors, 0 warnings. (took 846ms)

