08:06:18 **** Incremental Build of configuration Debug for project UARL_Project ****
make -j12 all 
arm-none-eabi-gcc "../Core/Src/main.c" -mcpu=cortex-m3 -std=gnu11 -g3 -DDEBUG -DUSE_HAL_DRIVER -DSTM32F103x6 -c -I../Core/Inc -I../Drivers/STM32F1xx_HAL_Driver/Inc -I../Drivers/STM32F1xx_HAL_Driver/Inc/Legacy -I../Drivers/CMSIS/Device/ST/STM32F1xx/Include -I../Drivers/CMSIS/Include -O0 -ffunction-sections -fdata-sections -Wall -fstack-usage -MMD -MP -MF"Core/Src/main.d" -MT"Core/Src/main.o" --specs=nano.specs -mfloat-abi=soft -mthumb -o "Core/Src/main.o"
arm-none-eabi-gcc -o "UARL_Project.elf" @"objects.list"   -mcpu=cortex-m3 -T"D:\Documents\Github\Lab1_QuaiVatSTM32\Huy\STM32CubeIDE\UARL_Project\STM32F103C6UX_FLASH.ld" --specs=nosys.specs -Wl,-Map="UARL_Project.map" -Wl,--gc-sections -static --specs=nano.specs -mfloat-abi=soft -mthumb -Wl,--start-group -lc -lm -Wl,--end-group
Finished building target: UARL_Project.elf
 
arm-none-eabi-size   UARL_Project.elf 
arm-none-eabi-objdump -h -S  UARL_Project.elf  > "UARL_Project.list"
arm-none-eabi-objcopy  -O ihex  UARL_Project.elf  "UARL_Project.hex"
   text	   data	    bss	    dec	    hex	filename
  12784	     20	   1788	  14592	   3900	UARL_Project.elf
Finished building: default.size.stdout
 
Finished building: UARL_Project.hex
 
Finished building: UARL_Project.list
 

08:06:18 Build Finished. 0 errors, 0 warnings. (took 597ms)

